Archive member included because of file (symbol)

../lab1_phase1_bsp\libhal_bsp.a(alt_irq_register.o)
                              obj/lab1_phase1.o (alt_irq_register)
../lab1_phase1_bsp\libhal_bsp.a(alt_irq_vars.o)
                              ../lab1_phase1_bsp\libhal_bsp.a(alt_irq_register.o) (alt_irq_active)
../lab1_phase1_bsp\libhal_bsp.a(alt_load.o)
                              ../lab1_phase1_bsp/obj/HAL/src/crt0.o (alt_load)
../lab1_phase1_bsp\libhal_bsp.a(alt_main.o)
                              ../lab1_phase1_bsp/obj/HAL/src/crt0.o (alt_main)
../lab1_phase1_bsp\libhal_bsp.a(alt_sys_init.o)
                              ../lab1_phase1_bsp\libhal_bsp.a(alt_main.o) (alt_irq_init)
../lab1_phase1_bsp\libhal_bsp.a(altera_avalon_jtag_uart_fd.o)
                              ../lab1_phase1_bsp\libhal_bsp.a(alt_sys_init.o) (altera_avalon_jtag_uart_read_fd)
../lab1_phase1_bsp\libhal_bsp.a(altera_avalon_jtag_uart_init.o)
                              ../lab1_phase1_bsp\libhal_bsp.a(alt_sys_init.o) (altera_avalon_jtag_uart_init)
../lab1_phase1_bsp\libhal_bsp.a(altera_avalon_jtag_uart_ioctl.o)
                              ../lab1_phase1_bsp\libhal_bsp.a(altera_avalon_jtag_uart_fd.o) (altera_avalon_jtag_uart_ioctl)
../lab1_phase1_bsp\libhal_bsp.a(altera_avalon_jtag_uart_read.o)
                              ../lab1_phase1_bsp\libhal_bsp.a(altera_avalon_jtag_uart_fd.o) (altera_avalon_jtag_uart_read)
../lab1_phase1_bsp\libhal_bsp.a(altera_avalon_jtag_uart_write.o)
                              ../lab1_phase1_bsp\libhal_bsp.a(altera_avalon_jtag_uart_fd.o) (altera_avalon_jtag_uart_write)
../lab1_phase1_bsp\libhal_bsp.a(altera_avalon_lcd_16207.o)
                              ../lab1_phase1_bsp\libhal_bsp.a(alt_sys_init.o) (altera_avalon_lcd_16207_init)
../lab1_phase1_bsp\libhal_bsp.a(altera_avalon_lcd_16207_fd.o)
                              ../lab1_phase1_bsp\libhal_bsp.a(alt_sys_init.o) (altera_avalon_lcd_16207_write_fd)
../lab1_phase1_bsp\libhal_bsp.a(altera_avalon_timer_sc.o)
                              ../lab1_phase1_bsp\libhal_bsp.a(alt_sys_init.o) (alt_avalon_timer_sc_init)
../lab1_phase1_bsp\libhal_bsp.a(alt_alarm_start.o)
                              ../lab1_phase1_bsp\libhal_bsp.a(altera_avalon_jtag_uart_init.o) (alt_alarm_start)
../lab1_phase1_bsp\libhal_bsp.a(alt_close.o)
                              ../lab1_phase1_bsp\libhal_bsp.a(alt_main.o) (close)
../lab1_phase1_bsp\libhal_bsp.a(alt_dcache_flush_all.o)
                              ../lab1_phase1_bsp\libhal_bsp.a(alt_load.o) (alt_dcache_flush_all)
../lab1_phase1_bsp\libhal_bsp.a(alt_dev.o)
                              ../lab1_phase1_bsp\libhal_bsp.a(alt_sys_init.o) (alt_dev_list)
../lab1_phase1_bsp\libhal_bsp.a(alt_dev_llist_insert.o)
                              ../lab1_phase1_bsp\libhal_bsp.a(alt_sys_init.o) (alt_dev_llist_insert)
../lab1_phase1_bsp\libhal_bsp.a(alt_do_ctors.o)
                              ../lab1_phase1_bsp\libhal_bsp.a(alt_main.o) (_do_ctors)
../lab1_phase1_bsp\libhal_bsp.a(alt_do_dtors.o)
                              ../lab1_phase1_bsp\libhal_bsp.a(alt_main.o) (_do_dtors)
../lab1_phase1_bsp\libhal_bsp.a(alt_errno.o)
                              ../lab1_phase1_bsp\libhal_bsp.a(alt_close.o) (alt_errno)
../lab1_phase1_bsp\libhal_bsp.a(alt_icache_flush_all.o)
                              ../lab1_phase1_bsp\libhal_bsp.a(alt_load.o) (alt_icache_flush_all)
../lab1_phase1_bsp\libhal_bsp.a(alt_iic.o)
                              ../lab1_phase1_bsp\libhal_bsp.a(altera_avalon_jtag_uart_init.o) (alt_ic_isr_register)
../lab1_phase1_bsp\libhal_bsp.a(alt_iic_isr_register.o)
                              ../lab1_phase1_bsp\libhal_bsp.a(alt_iic.o) (alt_iic_isr_register)
../lab1_phase1_bsp\libhal_bsp.a(alt_io_redirect.o)
                              ../lab1_phase1_bsp\libhal_bsp.a(alt_main.o) (alt_io_redirect)
../lab1_phase1_bsp\libhal_bsp.a(alt_irq_entry.o)
                              ../lab1_phase1_bsp\libhal_bsp.a(alt_irq_register.o) (alt_irq_entry)
../lab1_phase1_bsp\libhal_bsp.a(alt_irq_handler.o)
                              ../lab1_phase1_bsp\libhal_bsp.a(alt_irq_register.o) (alt_irq_handler)
../lab1_phase1_bsp\libhal_bsp.a(alt_open.o)
                              ../lab1_phase1_bsp\libhal_bsp.a(alt_io_redirect.o) (open)
../lab1_phase1_bsp\libhal_bsp.a(alt_release_fd.o)
                              ../lab1_phase1_bsp\libhal_bsp.a(alt_close.o) (alt_release_fd)
../lab1_phase1_bsp\libhal_bsp.a(alt_tick.o)
                              ../lab1_phase1_bsp\libhal_bsp.a(altera_avalon_jtag_uart_init.o) (_alt_tick_rate)
../lab1_phase1_bsp\libhal_bsp.a(alt_usleep.o)
                              ../lab1_phase1_bsp\libhal_bsp.a(altera_avalon_lcd_16207.o) (usleep)
../lab1_phase1_bsp\libhal_bsp.a(altera_nios2_irq.o)
                              ../lab1_phase1_bsp\libhal_bsp.a(alt_sys_init.o) (altera_nios2_irq_init)
../lab1_phase1_bsp\libhal_bsp.a(alt_busy_sleep.o)
                              ../lab1_phase1_bsp\libhal_bsp.a(alt_usleep.o) (alt_busy_sleep)
../lab1_phase1_bsp\libhal_bsp.a(alt_exception_entry.o)
                              ../lab1_phase1_bsp\libhal_bsp.a(alt_irq_entry.o) (alt_exception)
../lab1_phase1_bsp\libhal_bsp.a(alt_find_dev.o)
                              ../lab1_phase1_bsp\libhal_bsp.a(alt_open.o) (alt_find_dev)
../lab1_phase1_bsp\libhal_bsp.a(alt_find_file.o)
                              ../lab1_phase1_bsp\libhal_bsp.a(alt_open.o) (alt_find_file)
../lab1_phase1_bsp\libhal_bsp.a(alt_get_fd.o)
                              ../lab1_phase1_bsp\libhal_bsp.a(alt_open.o) (alt_get_fd)
../lab1_phase1_bsp\libhal_bsp.a(alt_icache_flush.o)
                              ../lab1_phase1_bsp\libhal_bsp.a(alt_icache_flush_all.o) (alt_icache_flush)
c:/software/altera/10.1/nios2eds/bin/gnu/h-i686-mingw32/bin/../lib/gcc/nios2-elf/4.1.2/../../../../nios2-elf/lib/mno-hw-mul\libc.a(lib_a-atexit.o)
                              ../lab1_phase1_bsp\libhal_bsp.a(alt_main.o) (atexit)
c:/software/altera/10.1/nios2eds/bin/gnu/h-i686-mingw32/bin/../lib/gcc/nios2-elf/4.1.2/../../../../nios2-elf/lib/mno-hw-mul\libc.a(lib_a-ctype_.o)
                              ../lab1_phase1_bsp\libhal_bsp.a(altera_avalon_lcd_16207.o) (__ctype_ptr)
c:/software/altera/10.1/nios2eds/bin/gnu/h-i686-mingw32/bin/../lib/gcc/nios2-elf/4.1.2/../../../../nios2-elf/lib/mno-hw-mul\libc.a(lib_a-exit.o)
                              ../lab1_phase1_bsp\libhal_bsp.a(alt_main.o) (exit)
c:/software/altera/10.1/nios2eds/bin/gnu/h-i686-mingw32/bin/../lib/gcc/nios2-elf/4.1.2/../../../../nios2-elf/lib/mno-hw-mul\libc.a(lib_a-impure.o)
                              c:/software/altera/10.1/nios2eds/bin/gnu/h-i686-mingw32/bin/../lib/gcc/nios2-elf/4.1.2/../../../../nios2-elf/lib/mno-hw-mul\libc.a(lib_a-exit.o) (_global_impure_ptr)
c:/software/altera/10.1/nios2eds/bin/gnu/h-i686-mingw32/bin/../lib/gcc/nios2-elf/4.1.2/../../../../nios2-elf/lib/mno-hw-mul\libc.a(lib_a-int_errno.o)
                              ../lab1_phase1_bsp\libhal_bsp.a(alt_close.o) (errno)
c:/software/altera/10.1/nios2eds/bin/gnu/h-i686-mingw32/bin/../lib/gcc/nios2-elf/4.1.2/../../../../nios2-elf/lib/mno-hw-mul\libc.a(lib_a-memcmp.o)
                              ../lab1_phase1_bsp\libhal_bsp.a(alt_find_dev.o) (memcmp)
c:/software/altera/10.1/nios2eds/bin/gnu/h-i686-mingw32/bin/../lib/gcc/nios2-elf/4.1.2/../../../../nios2-elf/lib/mno-hw-mul\libc.a(lib_a-memcpy.o)
                              ../lab1_phase1_bsp\libhal_bsp.a(altera_avalon_jtag_uart_read.o) (memcpy)
c:/software/altera/10.1/nios2eds/bin/gnu/h-i686-mingw32/bin/../lib/gcc/nios2-elf/4.1.2/../../../../nios2-elf/lib/mno-hw-mul\libc.a(lib_a-memset.o)
                              ../lab1_phase1_bsp\libhal_bsp.a(altera_avalon_lcd_16207.o) (memset)
c:/software/altera/10.1/nios2eds/bin/gnu/h-i686-mingw32/bin/../lib/gcc/nios2-elf/4.1.2/../../../../nios2-elf/lib/mno-hw-mul\libc.a(lib_a-strlen.o)
                              ../lab1_phase1_bsp\libhal_bsp.a(alt_find_dev.o) (strlen)
c:/software/altera/10.1/nios2eds/bin/gnu/h-i686-mingw32/bin/../lib/gcc/nios2-elf/4.1.2/../../../../nios2-elf/lib/mno-hw-mul\libc.a(lib_a-__atexit.o)
                              c:/software/altera/10.1/nios2eds/bin/gnu/h-i686-mingw32/bin/../lib/gcc/nios2-elf/4.1.2/../../../../nios2-elf/lib/mno-hw-mul\libc.a(lib_a-atexit.o) (__register_exitproc)
c:/software/altera/10.1/nios2eds/bin/gnu/h-i686-mingw32/bin/../lib/gcc/nios2-elf/4.1.2/../../../../nios2-elf/lib/mno-hw-mul\libc.a(lib_a-__call_atexit.o)
                              c:/software/altera/10.1/nios2eds/bin/gnu/h-i686-mingw32/bin/../lib/gcc/nios2-elf/4.1.2/../../../../nios2-elf/lib/mno-hw-mul\libc.a(lib_a-exit.o) (__call_exitprocs)
c:/software/altera/10.1/nios2eds/bin/gnu/h-i686-mingw32/bin/../lib/gcc/nios2-elf/4.1.2/mno-hw-mul\libgcc.a(lib2-divmod.o)
                              ../lab1_phase1_bsp\libhal_bsp.a(altera_avalon_lcd_16207.o) (__divsi3)
c:/software/altera/10.1/nios2eds/bin/gnu/h-i686-mingw32/bin/../lib/gcc/nios2-elf/4.1.2/mno-hw-mul\libgcc.a(lib2-mul.o)
                              ../lab1_phase1_bsp\libhal_bsp.a(altera_avalon_lcd_16207.o) (__mulsi3)
../lab1_phase1_bsp\libhal_bsp.a(alt_exit.o)
                              c:/software/altera/10.1/nios2eds/bin/gnu/h-i686-mingw32/bin/../lib/gcc/nios2-elf/4.1.2/../../../../nios2-elf/lib/mno-hw-mul\libc.a(lib_a-exit.o) (_exit)

Allocating common symbols
Common symbol       size              file

alt_irq             0x100             ../lab1_phase1_bsp\libhal_bsp.a(alt_irq_handler.o)
errno               0x4               c:/software/altera/10.1/nios2eds/bin/gnu/h-i686-mingw32/bin/../lib/gcc/nios2-elf/4.1.2/../../../../nios2-elf/lib/mno-hw-mul\libc.a(lib_a-int_errno.o)
_atexit0            0x190             c:/software/altera/10.1/nios2eds/bin/gnu/h-i686-mingw32/bin/../lib/gcc/nios2-elf/4.1.2/../../../../nios2-elf/lib/mno-hw-mul\libc.a(lib_a-atexit.o)

Memory Configuration

Name             Origin             Length             Attributes
reset            0x02000000         0x00000020
sdram_0          0x02000020         0x007fffe0
*default*        0x00000000         0xffffffff

Linker script and memory map

LOAD ../lab1_phase1_bsp/obj/HAL/src/crt0.o
LOAD obj/lab1_phase1.o
LOAD c:/software/altera/10.1/nios2eds/bin/gnu/h-i686-mingw32/bin/../lib/gcc/nios2-elf/4.1.2/../../../../nios2-elf/lib/mno-hw-mul\libstdc++.a
LOAD c:/software/altera/10.1/nios2eds/bin/gnu/h-i686-mingw32/bin/../lib/gcc/nios2-elf/4.1.2/../../../../nios2-elf/lib/mno-hw-mul\libm.a
LOAD c:/software/altera/10.1/nios2eds/bin/gnu/h-i686-mingw32/bin/../lib/gcc/nios2-elf/4.1.2/mno-hw-mul\libgcc.a
START GROUP
LOAD c:/software/altera/10.1/nios2eds/bin/gnu/h-i686-mingw32/bin/../lib/gcc/nios2-elf/4.1.2/../../../../nios2-elf/lib/mno-hw-mul\libc.a
LOAD c:/software/altera/10.1/nios2eds/bin/gnu/h-i686-mingw32/bin/../lib/gcc/nios2-elf/4.1.2/mno-hw-mul\libgcc.a
LOAD ../lab1_phase1_bsp\libhal_bsp.a
END GROUP
LOAD c:/software/altera/10.1/nios2eds/bin/gnu/h-i686-mingw32/bin/../lib/gcc/nios2-elf/4.1.2/mno-hw-mul\libgcc.a
                0x02000000                __alt_mem_sdram_0 = 0x2000000

.entry          0x02000000       0x20
 *(.entry)
 .entry         0x02000000       0x20 ../lab1_phase1_bsp/obj/HAL/src/crt0.o
                0x02000000                __reset

.exceptions     0x02000020      0x194
                0x02000020                PROVIDE (__ram_exceptions_start, ABSOLUTE (.))
                0x02000020                . = ALIGN (0x20)
 *(.irq)
 *(.exceptions.entry.label)
 .exceptions.entry.label
                0x02000020        0x0 ../lab1_phase1_bsp\libhal_bsp.a(alt_irq_entry.o)
                0x02000020                alt_irq_entry
 .exceptions.entry.label
                0x02000020        0x0 ../lab1_phase1_bsp\libhal_bsp.a(alt_exception_entry.o)
                0x02000020                alt_exception
 *(.exceptions.entry.user)
 *(.exceptions.entry)
 .exceptions.entry
                0x02000020       0x54 ../lab1_phase1_bsp\libhal_bsp.a(alt_exception_entry.o)
 *(.exceptions.irqtest.user)
 *(.exceptions.irqtest)
 .exceptions.irqtest
                0x02000074       0x10 ../lab1_phase1_bsp\libhal_bsp.a(alt_irq_entry.o)
 *(.exceptions.irqhandler.user)
 *(.exceptions.irqhandler)
 .exceptions.irqhandler
                0x02000084        0x4 ../lab1_phase1_bsp\libhal_bsp.a(alt_irq_entry.o)
 *(.exceptions.irqreturn.user)
 *(.exceptions.irqreturn)
 .exceptions.irqreturn
                0x02000088        0x4 ../lab1_phase1_bsp\libhal_bsp.a(alt_irq_entry.o)
 *(.exceptions.notirq.label)
 .exceptions.notirq.label
                0x0200008c        0x0 ../lab1_phase1_bsp\libhal_bsp.a(alt_irq_entry.o)
 *(.exceptions.notirq.user)
 *(.exceptions.notirq)
 .exceptions.notirq
                0x0200008c        0x8 ../lab1_phase1_bsp\libhal_bsp.a(alt_exception_entry.o)
 *(.exceptions.soft.user)
 *(.exceptions.soft)
 *(.exceptions.unknown.user)
 *(.exceptions.unknown)
 .exceptions.unknown
                0x02000094        0x4 ../lab1_phase1_bsp\libhal_bsp.a(alt_exception_entry.o)
 *(.exceptions.exit.label)
 .exceptions.exit.label
                0x02000098        0x0 ../lab1_phase1_bsp\libhal_bsp.a(alt_irq_entry.o)
 .exceptions.exit.label
                0x02000098        0x0 ../lab1_phase1_bsp\libhal_bsp.a(alt_exception_entry.o)
 *(.exceptions.exit.user)
 *(.exceptions.exit)
 .exceptions.exit
                0x02000098       0x54 ../lab1_phase1_bsp\libhal_bsp.a(alt_exception_entry.o)
 *(.exceptions)
 .exceptions    0x020000ec       0xc8 ../lab1_phase1_bsp\libhal_bsp.a(alt_irq_handler.o)
                0x020000ec                alt_irq_handler
                0x020001b4                PROVIDE (__ram_exceptions_end, ABSOLUTE (.))
                0x02000020                PROVIDE (__flash_exceptions_start, LOADADDR (.exceptions))

.text           0x020001b4     0x3c10
                0x020001b4                PROVIDE (stext, ABSOLUTE (.))
 *(.interp)
 *(.hash)
 *(.dynsym)
 *(.dynstr)
 *(.gnu.version)
 *(.gnu.version_d)
 *(.gnu.version_r)
 *(.rel.init)
 *(.rela.init)
 *(.rel.text .rel.text.* .rel.gnu.linkonce.t.*)
 *(.rela.text .rela.text.* .rela.gnu.linkonce.t.*)
 *(.rel.fini)
 *(.rela.fini)
 *(.rel.rodata .rel.rodata.* .rel.gnu.linkonce.r.*)
 *(.rela.rodata .rela.rodata.* .rela.gnu.linkonce.r.*)
 *(.rel.data .rel.data.* .rel.gnu.linkonce.d.*)
 *(.rela.data .rela.data.* .rela.gnu.linkonce.d.*)
 *(.rel.tdata .rel.tdata.* .rel.gnu.linkonce.td.*)
 *(.rela.tdata .rela.tdata.* .rela.gnu.linkonce.td.*)
 *(.rel.tbss .rel.tbss.* .rel.gnu.linkonce.tb.*)
 *(.rela.tbss .rela.tbss.* .rela.gnu.linkonce.tb.*)
 *(.rel.ctors)
 *(.rela.ctors)
 *(.rel.dtors)
 *(.rela.dtors)
 *(.rel.got)
 *(.rela.got)
 *(.rel.sdata .rel.sdata.* .rel.gnu.linkonce.s.*)
 *(.rela.sdata .rela.sdata.* .rela.gnu.linkonce.s.*)
 *(.rel.sbss .rel.sbss.* .rel.gnu.linkonce.sb.*)
 *(.rela.sbss .rela.sbss.* .rela.gnu.linkonce.sb.*)
 *(.rel.sdata2 .rel.sdata2.* .rel.gnu.linkonce.s2.*)
 *(.rela.sdata2 .rela.sdata2.* .rela.gnu.linkonce.s2.*)
 *(.rel.sbss2 .rel.sbss2.* .rel.gnu.linkonce.sb2.*)
 *(.rela.sbss2 .rela.sbss2.* .rela.gnu.linkonce.sb2.*)
 *(.rel.bss .rel.bss.* .rel.gnu.linkonce.b.*)
 *(.rela.bss .rela.bss.* .rela.gnu.linkonce.b.*)
 *(.rel.plt)
 *(.rela.plt)
 *(.rel.dyn)
 *(.init)
 *(.plt)
 *(.text .stub .text.* .gnu.linkonce.t.*)
 .text          0x020001b4       0x3c ../lab1_phase1_bsp/obj/HAL/src/crt0.o
                0x020001b4                _start
 .text          0x020001f0      0x23c obj/lab1_phase1.o
                0x0200039c                main
 .text          0x0200042c      0x1c0 ../lab1_phase1_bsp\libhal_bsp.a(alt_irq_register.o)
                0x0200042c                alt_irq_register
 .text          0x020005ec        0x0 ../lab1_phase1_bsp\libhal_bsp.a(alt_irq_vars.o)
 .text          0x020005ec       0xec ../lab1_phase1_bsp\libhal_bsp.a(alt_load.o)
                0x020005ec                alt_load
 .text          0x020006d8       0x6c ../lab1_phase1_bsp\libhal_bsp.a(alt_main.o)
                0x020006d8                alt_main
 .text          0x02000744       0xdc ../lab1_phase1_bsp\libhal_bsp.a(alt_sys_init.o)
                0x02000744                alt_irq_init
                0x02000778                alt_sys_init
 .text          0x02000820      0x148 ../lab1_phase1_bsp\libhal_bsp.a(altera_avalon_jtag_uart_fd.o)
                0x02000820                altera_avalon_jtag_uart_read_fd
                0x02000878                altera_avalon_jtag_uart_write_fd
                0x020008d0                altera_avalon_jtag_uart_close_fd
                0x02000918                altera_avalon_jtag_uart_ioctl_fd
 .text          0x02000968      0x40c ../lab1_phase1_bsp\libhal_bsp.a(altera_avalon_jtag_uart_init.o)
                0x02000968                altera_avalon_jtag_uart_init
                0x02000d00                altera_avalon_jtag_uart_close
 .text          0x02000d74       0xf4 ../lab1_phase1_bsp\libhal_bsp.a(altera_avalon_jtag_uart_ioctl.o)
                0x02000d74                altera_avalon_jtag_uart_ioctl
 .text          0x02000e68      0x224 ../lab1_phase1_bsp\libhal_bsp.a(altera_avalon_jtag_uart_read.o)
                0x02000e68                altera_avalon_jtag_uart_read
 .text          0x0200108c      0x240 ../lab1_phase1_bsp\libhal_bsp.a(altera_avalon_jtag_uart_write.o)
                0x0200108c                altera_avalon_jtag_uart_write
 .text          0x020012cc      0xf80 ../lab1_phase1_bsp\libhal_bsp.a(altera_avalon_lcd_16207.o)
                0x02001b08                altera_avalon_lcd_16207_write
                0x02002110                altera_avalon_lcd_16207_init
 .text          0x0200224c       0x58 ../lab1_phase1_bsp\libhal_bsp.a(altera_avalon_lcd_16207_fd.o)
                0x0200224c                altera_avalon_lcd_16207_write_fd
 .text          0x020022a4      0x100 ../lab1_phase1_bsp\libhal_bsp.a(altera_avalon_timer_sc.o)
                0x02002314                alt_avalon_timer_sc_init
 .text          0x020023a4      0x154 ../lab1_phase1_bsp\libhal_bsp.a(alt_alarm_start.o)
                0x020023a4                alt_alarm_start
 .text          0x020024f8      0x160 ../lab1_phase1_bsp\libhal_bsp.a(alt_close.o)
                0x020024f8                close
 .text          0x02002658       0x1c ../lab1_phase1_bsp\libhal_bsp.a(alt_dcache_flush_all.o)
                0x02002658                alt_dcache_flush_all
 .text          0x02002674       0x2c ../lab1_phase1_bsp\libhal_bsp.a(alt_dev.o)
 .text          0x020026a0      0x114 ../lab1_phase1_bsp\libhal_bsp.a(alt_dev_llist_insert.o)
                0x020026a0                alt_dev_llist_insert
 .text          0x020027b4       0x64 ../lab1_phase1_bsp\libhal_bsp.a(alt_do_ctors.o)
                0x020027b4                _do_ctors
 .text          0x02002818       0x64 ../lab1_phase1_bsp\libhal_bsp.a(alt_do_dtors.o)
                0x02002818                _do_dtors
 .text          0x0200287c        0x0 ../lab1_phase1_bsp\libhal_bsp.a(alt_errno.o)
 .text          0x0200287c       0x30 ../lab1_phase1_bsp\libhal_bsp.a(alt_icache_flush_all.o)
                0x0200287c                alt_icache_flush_all
 .text          0x020028ac      0x1d4 ../lab1_phase1_bsp\libhal_bsp.a(alt_iic.o)
                0x020028ac                alt_ic_isr_register
                0x020028fc                alt_ic_irq_enable
                0x02002998                alt_ic_irq_disable
                0x02002a38                alt_ic_irq_enabled
 .text          0x02002a80       0xf8 ../lab1_phase1_bsp\libhal_bsp.a(alt_iic_isr_register.o)
                0x02002a80                alt_iic_isr_register
 .text          0x02002b78      0x150 ../lab1_phase1_bsp\libhal_bsp.a(alt_io_redirect.o)
                0x02002c50                alt_io_redirect
 .text          0x02002cc8        0x0 ../lab1_phase1_bsp\libhal_bsp.a(alt_irq_entry.o)
 .text          0x02002cc8        0x0 ../lab1_phase1_bsp\libhal_bsp.a(alt_irq_handler.o)
 .text          0x02002cc8      0x2e4 ../lab1_phase1_bsp\libhal_bsp.a(alt_open.o)
                0x02002dc0                open
 .text          0x02002fac       0x78 ../lab1_phase1_bsp\libhal_bsp.a(alt_release_fd.o)
                0x02002fac                alt_release_fd
 .text          0x02003024      0x1a4 ../lab1_phase1_bsp\libhal_bsp.a(alt_tick.o)
                0x02003024                alt_alarm_stop
                0x020030bc                alt_tick
 .text          0x020031c8       0x30 ../lab1_phase1_bsp\libhal_bsp.a(alt_usleep.o)
                0x020031c8                usleep
 .text          0x020031f8       0x20 ../lab1_phase1_bsp\libhal_bsp.a(altera_nios2_irq.o)
                0x020031f8                altera_nios2_irq_init
 .text          0x02003218      0x15c ../lab1_phase1_bsp\libhal_bsp.a(alt_busy_sleep.o)
                0x02003218                alt_busy_sleep
 .text          0x02003374        0x0 ../lab1_phase1_bsp\libhal_bsp.a(alt_exception_entry.o)
 .text          0x02003374       0x94 ../lab1_phase1_bsp\libhal_bsp.a(alt_find_dev.o)
                0x02003374                alt_find_dev
 .text          0x02003408      0x120 ../lab1_phase1_bsp\libhal_bsp.a(alt_find_file.o)
                0x02003408                alt_find_file
 .text          0x02003528       0xd0 ../lab1_phase1_bsp\libhal_bsp.a(alt_get_fd.o)
                0x02003528                alt_get_fd
 .text          0x020035f8       0x90 ../lab1_phase1_bsp\libhal_bsp.a(alt_icache_flush.o)
                0x020035f8                alt_icache_flush
 .text          0x02003688       0x14 c:/software/altera/10.1/nios2eds/bin/gnu/h-i686-mingw32/bin/../lib/gcc/nios2-elf/4.1.2/../../../../nios2-elf/lib/mno-hw-mul\libc.a(lib_a-atexit.o)
                0x02003688                atexit
 .text          0x0200369c        0x0 c:/software/altera/10.1/nios2eds/bin/gnu/h-i686-mingw32/bin/../lib/gcc/nios2-elf/4.1.2/../../../../nios2-elf/lib/mno-hw-mul\libc.a(lib_a-ctype_.o)
 .text          0x0200369c       0x38 c:/software/altera/10.1/nios2eds/bin/gnu/h-i686-mingw32/bin/../lib/gcc/nios2-elf/4.1.2/../../../../nios2-elf/lib/mno-hw-mul\libc.a(lib_a-exit.o)
                0x0200369c                exit
 .text          0x020036d4        0x0 c:/software/altera/10.1/nios2eds/bin/gnu/h-i686-mingw32/bin/../lib/gcc/nios2-elf/4.1.2/../../../../nios2-elf/lib/mno-hw-mul\libc.a(lib_a-impure.o)
 .text          0x020036d4        0x0 c:/software/altera/10.1/nios2eds/bin/gnu/h-i686-mingw32/bin/../lib/gcc/nios2-elf/4.1.2/../../../../nios2-elf/lib/mno-hw-mul\libc.a(lib_a-int_errno.o)
 .text          0x020036d4       0x74 c:/software/altera/10.1/nios2eds/bin/gnu/h-i686-mingw32/bin/../lib/gcc/nios2-elf/4.1.2/../../../../nios2-elf/lib/mno-hw-mul\libc.a(lib_a-memcmp.o)
                0x020036d4                memcmp
 .text          0x02003748       0xa0 c:/software/altera/10.1/nios2eds/bin/gnu/h-i686-mingw32/bin/../lib/gcc/nios2-elf/4.1.2/../../../../nios2-elf/lib/mno-hw-mul\libc.a(lib_a-memcpy.o)
                0x02003748                memcpy
 .text          0x020037e8       0x98 c:/software/altera/10.1/nios2eds/bin/gnu/h-i686-mingw32/bin/../lib/gcc/nios2-elf/4.1.2/../../../../nios2-elf/lib/mno-hw-mul\libc.a(lib_a-memset.o)
                0x020037e8                memset
 .text          0x02003880       0x74 c:/software/altera/10.1/nios2eds/bin/gnu/h-i686-mingw32/bin/../lib/gcc/nios2-elf/4.1.2/../../../../nios2-elf/lib/mno-hw-mul\libc.a(lib_a-strlen.o)
                0x02003880                strlen
 .text          0x020038f4      0x134 c:/software/altera/10.1/nios2eds/bin/gnu/h-i686-mingw32/bin/../lib/gcc/nios2-elf/4.1.2/../../../../nios2-elf/lib/mno-hw-mul\libc.a(lib_a-__atexit.o)
                0x020038f4                __register_exitproc
 .text          0x02003a28      0x1b4 c:/software/altera/10.1/nios2eds/bin/gnu/h-i686-mingw32/bin/../lib/gcc/nios2-elf/4.1.2/../../../../nios2-elf/lib/mno-hw-mul\libc.a(lib_a-__call_atexit.o)
                0x02003a2c                __call_exitprocs
 .text          0x02003bdc      0x14c c:/software/altera/10.1/nios2eds/bin/gnu/h-i686-mingw32/bin/../lib/gcc/nios2-elf/4.1.2/mno-hw-mul\libgcc.a(lib2-divmod.o)
                0x02003c58                __divsi3
                0x02003cb8                __modsi3
                0x02003d18                __udivsi3
                0x02003d20                __umodsi3
 .text          0x02003d28       0x38 c:/software/altera/10.1/nios2eds/bin/gnu/h-i686-mingw32/bin/../lib/gcc/nios2-elf/4.1.2/mno-hw-mul\libgcc.a(lib2-mul.o)
                0x02003d28                __mulsi3
 .text          0x02003d60       0x60 ../lab1_phase1_bsp\libhal_bsp.a(alt_exit.o)
                0x02003da0                _exit
 *(.gnu.warning.*)
 *(.fini)
                0x02003dc0                PROVIDE (__etext, ABSOLUTE (.))
                0x02003dc0                PROVIDE (_etext, ABSOLUTE (.))
                0x02003dc0                PROVIDE (etext, ABSOLUTE (.))
 *(.eh_frame_hdr)
                0x02003dc0                . = ALIGN (0x4)
                0x02003dc0                PROVIDE (__preinit_array_start, ABSOLUTE (.))
 *(.preinit_array)
                0x02003dc0                PROVIDE (__preinit_array_end, ABSOLUTE (.))
                0x02003dc0                PROVIDE (__init_array_start, ABSOLUTE (.))
 *(.init_array)
                0x02003dc0                PROVIDE (__init_array_end, ABSOLUTE (.))
                0x02003dc0                PROVIDE (__fini_array_start, ABSOLUTE (.))
 *(.fini_array)
                0x02003dc0                PROVIDE (__fini_array_end, ABSOLUTE (.))
 *(.eh_frame)
 *(.gcc_except_table)
 *(.dynamic)
                0x02003dc0                PROVIDE (__CTOR_LIST__, ABSOLUTE (.))
 *(.ctors)
 *(SORT(.ctors.*))
 .ctors.65535   0x02003dc0        0x4 c:/software/altera/10.1/nios2eds/bin/gnu/h-i686-mingw32/bin/../lib/gcc/nios2-elf/4.1.2/../../../../nios2-elf/lib/mno-hw-mul\libc.a(lib_a-__call_atexit.o)
                0x02003dc4                PROVIDE (__CTOR_END__, ABSOLUTE (.))
                0x02003dc4                PROVIDE (__DTOR_LIST__, ABSOLUTE (.))
 *(.dtors)
 *(SORT(.dtors.*))
                0x02003dc4                PROVIDE (__DTOR_END__, ABSOLUTE (.))
 *(.jcr)
                0x02003dc4                . = ALIGN (0x4)

.rodata         0x02003dc4      0x2d0
                0x02003dc4                PROVIDE (__ram_rodata_start, ABSOLUTE (.))
                0x02003dc4                . = ALIGN (0x4)
 *(.rodata .rodata.* .gnu.linkonce.r.*)
 .rodata        0x02003dc4       0x14 ../lab1_phase1_bsp\libhal_bsp.a(alt_main.o)
 .rodata        0x02003dd8       0x28 ../lab1_phase1_bsp\libhal_bsp.a(alt_sys_init.o)
 .rodata        0x02003e00        0xc ../lab1_phase1_bsp\libhal_bsp.a(alt_dev.o)
 .rodata        0x02003e0c      0x281 c:/software/altera/10.1/nios2eds/bin/gnu/h-i686-mingw32/bin/../lib/gcc/nios2-elf/4.1.2/../../../../nios2-elf/lib/mno-hw-mul\libc.a(lib_a-ctype_.o)
                0x02003e0c                _ctype_
 *fill*         0x0200408d        0x3 00
 .rodata.str1.4
                0x02004090        0x4 c:/software/altera/10.1/nios2eds/bin/gnu/h-i686-mingw32/bin/../lib/gcc/nios2-elf/4.1.2/../../../../nios2-elf/lib/mno-hw-mul\libc.a(lib_a-impure.o)
 *(.rodata1)
                0x02004094                . = ALIGN (0x4)
                0x02004094                PROVIDE (__ram_rodata_end, ABSOLUTE (.))
                0x02003dc4                PROVIDE (__flash_rodata_start, LOADADDR (.rodata))

.rwdata         0x02004094     0x175c load address 0x020057f0
                0x02004094                PROVIDE (__ram_rwdata_start, ABSOLUTE (.))
                0x02004094                . = ALIGN (0x4)
 *(.got.plt)
 *(.got)
 *(.data1)
 *(.data .data.* .gnu.linkonce.d.*)
 .data          0x02004094        0x0 ../lab1_phase1_bsp/obj/HAL/src/crt0.o
 .data          0x02004094        0x0 obj/lab1_phase1.o
 .data          0x02004094        0x0 ../lab1_phase1_bsp\libhal_bsp.a(alt_irq_register.o)
 .data          0x02004094        0x0 ../lab1_phase1_bsp\libhal_bsp.a(alt_irq_vars.o)
 .data          0x02004094        0x0 ../lab1_phase1_bsp\libhal_bsp.a(alt_load.o)
 .data          0x02004094        0x0 ../lab1_phase1_bsp\libhal_bsp.a(alt_main.o)
 .data          0x02004094     0x1180 ../lab1_phase1_bsp\libhal_bsp.a(alt_sys_init.o)
 .data          0x02005214        0x0 ../lab1_phase1_bsp\libhal_bsp.a(altera_avalon_jtag_uart_fd.o)
 .data          0x02005214        0x0 ../lab1_phase1_bsp\libhal_bsp.a(altera_avalon_jtag_uart_init.o)
 .data          0x02005214        0x0 ../lab1_phase1_bsp\libhal_bsp.a(altera_avalon_jtag_uart_ioctl.o)
 .data          0x02005214        0x0 ../lab1_phase1_bsp\libhal_bsp.a(altera_avalon_jtag_uart_read.o)
 .data          0x02005214        0x0 ../lab1_phase1_bsp\libhal_bsp.a(altera_avalon_jtag_uart_write.o)
 .data          0x02005214        0x0 ../lab1_phase1_bsp\libhal_bsp.a(altera_avalon_lcd_16207.o)
 .data          0x02005214        0x0 ../lab1_phase1_bsp\libhal_bsp.a(altera_avalon_lcd_16207_fd.o)
 .data          0x02005214        0x0 ../lab1_phase1_bsp\libhal_bsp.a(altera_avalon_timer_sc.o)
 .data          0x02005214        0x0 ../lab1_phase1_bsp\libhal_bsp.a(alt_alarm_start.o)
 .data          0x02005214        0x0 ../lab1_phase1_bsp\libhal_bsp.a(alt_close.o)
 .data          0x02005214        0x0 ../lab1_phase1_bsp\libhal_bsp.a(alt_dcache_flush_all.o)
 .data          0x02005214      0x1a8 ../lab1_phase1_bsp\libhal_bsp.a(alt_dev.o)
                0x02005214                alt_dev_null
                0x0200523c                alt_fd_list
 .data          0x020053bc        0x0 ../lab1_phase1_bsp\libhal_bsp.a(alt_dev_llist_insert.o)
 .data          0x020053bc        0x0 ../lab1_phase1_bsp\libhal_bsp.a(alt_do_ctors.o)
 .data          0x020053bc        0x0 ../lab1_phase1_bsp\libhal_bsp.a(alt_do_dtors.o)
 .data          0x020053bc        0x0 ../lab1_phase1_bsp\libhal_bsp.a(alt_errno.o)
 .data          0x020053bc        0x0 ../lab1_phase1_bsp\libhal_bsp.a(alt_icache_flush_all.o)
 .data          0x020053bc        0x0 ../lab1_phase1_bsp\libhal_bsp.a(alt_iic.o)
 .data          0x020053bc        0x0 ../lab1_phase1_bsp\libhal_bsp.a(alt_iic_isr_register.o)
 .data          0x020053bc        0x0 ../lab1_phase1_bsp\libhal_bsp.a(alt_io_redirect.o)
 .data          0x020053bc        0x0 ../lab1_phase1_bsp\libhal_bsp.a(alt_irq_entry.o)
 .data          0x020053bc        0x0 ../lab1_phase1_bsp\libhal_bsp.a(alt_irq_handler.o)
 .data          0x020053bc        0x0 ../lab1_phase1_bsp\libhal_bsp.a(alt_open.o)
 .data          0x020053bc        0x0 ../lab1_phase1_bsp\libhal_bsp.a(alt_release_fd.o)
 .data          0x020053bc        0x0 ../lab1_phase1_bsp\libhal_bsp.a(alt_tick.o)
 .data          0x020053bc        0x0 ../lab1_phase1_bsp\libhal_bsp.a(alt_usleep.o)
 .data          0x020053bc        0x0 ../lab1_phase1_bsp\libhal_bsp.a(altera_nios2_irq.o)
 .data          0x020053bc        0x0 ../lab1_phase1_bsp\libhal_bsp.a(alt_busy_sleep.o)
 .data          0x020053bc        0x0 ../lab1_phase1_bsp\libhal_bsp.a(alt_exception_entry.o)
 .data          0x020053bc        0x0 ../lab1_phase1_bsp\libhal_bsp.a(alt_find_dev.o)
 .data          0x020053bc        0x0 ../lab1_phase1_bsp\libhal_bsp.a(alt_find_file.o)
 .data          0x020053bc        0x0 ../lab1_phase1_bsp\libhal_bsp.a(alt_get_fd.o)
 .data          0x020053bc        0x0 ../lab1_phase1_bsp\libhal_bsp.a(alt_icache_flush.o)
 .data          0x020053bc        0x0 c:/software/altera/10.1/nios2eds/bin/gnu/h-i686-mingw32/bin/../lib/gcc/nios2-elf/4.1.2/../../../../nios2-elf/lib/mno-hw-mul\libc.a(lib_a-atexit.o)
 .data          0x020053bc        0x0 c:/software/altera/10.1/nios2eds/bin/gnu/h-i686-mingw32/bin/../lib/gcc/nios2-elf/4.1.2/../../../../nios2-elf/lib/mno-hw-mul\libc.a(lib_a-ctype_.o)
 .data          0x020053bc        0x0 c:/software/altera/10.1/nios2eds/bin/gnu/h-i686-mingw32/bin/../lib/gcc/nios2-elf/4.1.2/../../../../nios2-elf/lib/mno-hw-mul\libc.a(lib_a-exit.o)
 .data          0x020053bc      0x400 c:/software/altera/10.1/nios2eds/bin/gnu/h-i686-mingw32/bin/../lib/gcc/nios2-elf/4.1.2/../../../../nios2-elf/lib/mno-hw-mul\libc.a(lib_a-impure.o)
 .data          0x020057bc        0x0 c:/software/altera/10.1/nios2eds/bin/gnu/h-i686-mingw32/bin/../lib/gcc/nios2-elf/4.1.2/../../../../nios2-elf/lib/mno-hw-mul\libc.a(lib_a-int_errno.o)
 .data          0x020057bc        0x0 c:/software/altera/10.1/nios2eds/bin/gnu/h-i686-mingw32/bin/../lib/gcc/nios2-elf/4.1.2/../../../../nios2-elf/lib/mno-hw-mul\libc.a(lib_a-memcmp.o)
 .data          0x020057bc        0x0 c:/software/altera/10.1/nios2eds/bin/gnu/h-i686-mingw32/bin/../lib/gcc/nios2-elf/4.1.2/../../../../nios2-elf/lib/mno-hw-mul\libc.a(lib_a-memcpy.o)
 .data          0x020057bc        0x0 c:/software/altera/10.1/nios2eds/bin/gnu/h-i686-mingw32/bin/../lib/gcc/nios2-elf/4.1.2/../../../../nios2-elf/lib/mno-hw-mul\libc.a(lib_a-memset.o)
 .data          0x020057bc        0x0 c:/software/altera/10.1/nios2eds/bin/gnu/h-i686-mingw32/bin/../lib/gcc/nios2-elf/4.1.2/../../../../nios2-elf/lib/mno-hw-mul\libc.a(lib_a-strlen.o)
 .data          0x020057bc        0x0 c:/software/altera/10.1/nios2eds/bin/gnu/h-i686-mingw32/bin/../lib/gcc/nios2-elf/4.1.2/../../../../nios2-elf/lib/mno-hw-mul\libc.a(lib_a-__atexit.o)
 .data          0x020057bc        0x0 c:/software/altera/10.1/nios2eds/bin/gnu/h-i686-mingw32/bin/../lib/gcc/nios2-elf/4.1.2/../../../../nios2-elf/lib/mno-hw-mul\libc.a(lib_a-__call_atexit.o)
 .data          0x020057bc        0x0 c:/software/altera/10.1/nios2eds/bin/gnu/h-i686-mingw32/bin/../lib/gcc/nios2-elf/4.1.2/mno-hw-mul\libgcc.a(lib2-divmod.o)
 .data          0x020057bc        0x0 c:/software/altera/10.1/nios2eds/bin/gnu/h-i686-mingw32/bin/../lib/gcc/nios2-elf/4.1.2/mno-hw-mul\libgcc.a(lib2-mul.o)
 .data          0x020057bc        0x0 ../lab1_phase1_bsp\libhal_bsp.a(alt_exit.o)
                0x0200d7bc                _gp = ABSOLUTE ((. + 0x8000))
                0x0200d7bc                PROVIDE (gp, _gp)
 *(.sdata .sdata.* .gnu.linkonce.s.*)
 .sdata         0x020057bc        0x4 ../lab1_phase1_bsp\libhal_bsp.a(alt_irq_vars.o)
                0x020057bc                alt_priority_mask
 .sdata         0x020057c0        0x4 ../lab1_phase1_bsp\libhal_bsp.a(altera_avalon_lcd_16207.o)
 .sdata         0x020057c4       0x14 ../lab1_phase1_bsp\libhal_bsp.a(alt_dev.o)
                0x020057c4                alt_fs_list
                0x020057cc                alt_dev_list
                0x020057d4                alt_max_fd
 .sdata         0x020057d8        0x4 ../lab1_phase1_bsp\libhal_bsp.a(alt_errno.o)
                0x020057d8                alt_errno
 .sdata         0x020057dc        0x8 ../lab1_phase1_bsp\libhal_bsp.a(alt_tick.o)
                0x020057dc                alt_alarm_list
 .sdata         0x020057e4        0x4 c:/software/altera/10.1/nios2eds/bin/gnu/h-i686-mingw32/bin/../lib/gcc/nios2-elf/4.1.2/../../../../nios2-elf/lib/mno-hw-mul\libc.a(lib_a-ctype_.o)
                0x020057e4                __ctype_ptr
 .sdata         0x020057e8        0x8 c:/software/altera/10.1/nios2eds/bin/gnu/h-i686-mingw32/bin/../lib/gcc/nios2-elf/4.1.2/../../../../nios2-elf/lib/mno-hw-mul\libc.a(lib_a-impure.o)
                0x020057e8                _impure_ptr
                0x020057ec                _global_impure_ptr
 *(.sdata2 .sdata2.* .gnu.linkonce.s2.*)
                0x020057f0                . = ALIGN (0x4)
                0x020057f0                _edata = ABSOLUTE (.)
                0x020057f0                PROVIDE (edata, ABSOLUTE (.))
                0x020057f0                PROVIDE (__ram_rwdata_end, ABSOLUTE (.))
                0x020057f0                PROVIDE (__flash_rwdata_start, LOADADDR (.rwdata))

.bss            0x02006f4c      0x2c0
                0x02006f4c                __bss_start = ABSOLUTE (.)
                0x02006f4c                PROVIDE (__sbss_start, ABSOLUTE (.))
                0x02006f4c                PROVIDE (___sbss_start, ABSOLUTE (.))
 *(.dynsbss)
 *(.sbss .sbss.* .gnu.linkonce.sb.*)
 .sbss          0x02006f4c       0x14 obj/lab1_phase1.o
                0x02006f4c                switch_LED
                0x02006f4d                switch_SSeg
                0x02006f50                counterLED
                0x02006f54                counterSEG
                0x02006f58                ledState
                0x02006f5c                sSState
 .sbss          0x02006f60        0x4 ../lab1_phase1_bsp\libhal_bsp.a(alt_irq_vars.o)
                0x02006f60                alt_irq_active
 .sbss          0x02006f64        0xc ../lab1_phase1_bsp\libhal_bsp.a(alt_main.o)
                0x02006f64                alt_argc
                0x02006f68                alt_argv
                0x02006f6c                alt_envp
 .sbss          0x02006f70        0x8 ../lab1_phase1_bsp\libhal_bsp.a(alt_tick.o)
                0x02006f70                _alt_tick_rate
                0x02006f74                _alt_nticks
 .sbss          0x02006f78        0x4 c:/software/altera/10.1/nios2eds/bin/gnu/h-i686-mingw32/bin/../lib/gcc/nios2-elf/4.1.2/../../../../nios2-elf/lib/mno-hw-mul\libc.a(lib_a-int_errno.o)
                0x02006f78                errno
 *(.sbss2 .sbss2.* .gnu.linkonce.sb2.*)
 *(.scommon)
                0x02006f7c                PROVIDE (__sbss_end, ABSOLUTE (.))
                0x02006f7c                PROVIDE (___sbss_end, ABSOLUTE (.))
 *(.dynbss)
 *(.bss .bss.* .gnu.linkonce.b.*)
 .bss           0x02006f7c        0x0 ../lab1_phase1_bsp/obj/HAL/src/crt0.o
 .bss           0x02006f7c        0x0 obj/lab1_phase1.o
 .bss           0x02006f7c        0x0 ../lab1_phase1_bsp\libhal_bsp.a(alt_irq_register.o)
 .bss           0x02006f7c        0x0 ../lab1_phase1_bsp\libhal_bsp.a(alt_irq_vars.o)
 .bss           0x02006f7c        0x0 ../lab1_phase1_bsp\libhal_bsp.a(alt_load.o)
 .bss           0x02006f7c        0x0 ../lab1_phase1_bsp\libhal_bsp.a(alt_main.o)
 .bss           0x02006f7c        0x0 ../lab1_phase1_bsp\libhal_bsp.a(alt_sys_init.o)
 .bss           0x02006f7c        0x0 ../lab1_phase1_bsp\libhal_bsp.a(altera_avalon_jtag_uart_fd.o)
 .bss           0x02006f7c        0x0 ../lab1_phase1_bsp\libhal_bsp.a(altera_avalon_jtag_uart_init.o)
 .bss           0x02006f7c        0x0 ../lab1_phase1_bsp\libhal_bsp.a(altera_avalon_jtag_uart_ioctl.o)
 .bss           0x02006f7c        0x0 ../lab1_phase1_bsp\libhal_bsp.a(altera_avalon_jtag_uart_read.o)
 .bss           0x02006f7c        0x0 ../lab1_phase1_bsp\libhal_bsp.a(altera_avalon_jtag_uart_write.o)
 .bss           0x02006f7c        0x0 ../lab1_phase1_bsp\libhal_bsp.a(altera_avalon_lcd_16207.o)
 .bss           0x02006f7c        0x0 ../lab1_phase1_bsp\libhal_bsp.a(altera_avalon_lcd_16207_fd.o)
 .bss           0x02006f7c        0x0 ../lab1_phase1_bsp\libhal_bsp.a(altera_avalon_timer_sc.o)
 .bss           0x02006f7c        0x0 ../lab1_phase1_bsp\libhal_bsp.a(alt_alarm_start.o)
 .bss           0x02006f7c        0x0 ../lab1_phase1_bsp\libhal_bsp.a(alt_close.o)
 .bss           0x02006f7c        0x0 ../lab1_phase1_bsp\libhal_bsp.a(alt_dcache_flush_all.o)
 .bss           0x02006f7c        0x0 ../lab1_phase1_bsp\libhal_bsp.a(alt_dev.o)
 .bss           0x02006f7c        0x0 ../lab1_phase1_bsp\libhal_bsp.a(alt_dev_llist_insert.o)
 .bss           0x02006f7c        0x0 ../lab1_phase1_bsp\libhal_bsp.a(alt_do_ctors.o)
 .bss           0x02006f7c        0x0 ../lab1_phase1_bsp\libhal_bsp.a(alt_do_dtors.o)
 .bss           0x02006f7c        0x0 ../lab1_phase1_bsp\libhal_bsp.a(alt_errno.o)
 .bss           0x02006f7c        0x0 ../lab1_phase1_bsp\libhal_bsp.a(alt_icache_flush_all.o)
 .bss           0x02006f7c        0x0 ../lab1_phase1_bsp\libhal_bsp.a(alt_iic.o)
 .bss           0x02006f7c        0x0 ../lab1_phase1_bsp\libhal_bsp.a(alt_iic_isr_register.o)
 .bss           0x02006f7c        0x0 ../lab1_phase1_bsp\libhal_bsp.a(alt_io_redirect.o)
 .bss           0x02006f7c        0x0 ../lab1_phase1_bsp\libhal_bsp.a(alt_irq_entry.o)
 .bss           0x02006f7c        0x0 ../lab1_phase1_bsp\libhal_bsp.a(alt_irq_handler.o)
 .bss           0x02006f7c        0x0 ../lab1_phase1_bsp\libhal_bsp.a(alt_open.o)
 .bss           0x02006f7c        0x0 ../lab1_phase1_bsp\libhal_bsp.a(alt_release_fd.o)
 .bss           0x02006f7c        0x0 ../lab1_phase1_bsp\libhal_bsp.a(alt_tick.o)
 .bss           0x02006f7c        0x0 ../lab1_phase1_bsp\libhal_bsp.a(alt_usleep.o)
 .bss           0x02006f7c        0x0 ../lab1_phase1_bsp\libhal_bsp.a(altera_nios2_irq.o)
 .bss           0x02006f7c        0x0 ../lab1_phase1_bsp\libhal_bsp.a(alt_busy_sleep.o)
 .bss           0x02006f7c        0x0 ../lab1_phase1_bsp\libhal_bsp.a(alt_exception_entry.o)
 .bss           0x02006f7c        0x0 ../lab1_phase1_bsp\libhal_bsp.a(alt_find_dev.o)
 .bss           0x02006f7c        0x0 ../lab1_phase1_bsp\libhal_bsp.a(alt_find_file.o)
 .bss           0x02006f7c        0x0 ../lab1_phase1_bsp\libhal_bsp.a(alt_get_fd.o)
 .bss           0x02006f7c        0x0 ../lab1_phase1_bsp\libhal_bsp.a(alt_icache_flush.o)
 .bss           0x02006f7c        0x0 c:/software/altera/10.1/nios2eds/bin/gnu/h-i686-mingw32/bin/../lib/gcc/nios2-elf/4.1.2/../../../../nios2-elf/lib/mno-hw-mul\libc.a(lib_a-atexit.o)
 .bss           0x02006f7c        0x0 c:/software/altera/10.1/nios2eds/bin/gnu/h-i686-mingw32/bin/../lib/gcc/nios2-elf/4.1.2/../../../../nios2-elf/lib/mno-hw-mul\libc.a(lib_a-ctype_.o)
 .bss           0x02006f7c        0x0 c:/software/altera/10.1/nios2eds/bin/gnu/h-i686-mingw32/bin/../lib/gcc/nios2-elf/4.1.2/../../../../nios2-elf/lib/mno-hw-mul\libc.a(lib_a-exit.o)
 .bss           0x02006f7c        0x0 c:/software/altera/10.1/nios2eds/bin/gnu/h-i686-mingw32/bin/../lib/gcc/nios2-elf/4.1.2/../../../../nios2-elf/lib/mno-hw-mul\libc.a(lib_a-impure.o)
 .bss           0x02006f7c        0x0 c:/software/altera/10.1/nios2eds/bin/gnu/h-i686-mingw32/bin/../lib/gcc/nios2-elf/4.1.2/../../../../nios2-elf/lib/mno-hw-mul\libc.a(lib_a-int_errno.o)
 .bss           0x02006f7c        0x0 c:/software/altera/10.1/nios2eds/bin/gnu/h-i686-mingw32/bin/../lib/gcc/nios2-elf/4.1.2/../../../../nios2-elf/lib/mno-hw-mul\libc.a(lib_a-memcmp.o)
 .bss           0x02006f7c        0x0 c:/software/altera/10.1/nios2eds/bin/gnu/h-i686-mingw32/bin/../lib/gcc/nios2-elf/4.1.2/../../../../nios2-elf/lib/mno-hw-mul\libc.a(lib_a-memcpy.o)
 .bss           0x02006f7c        0x0 c:/software/altera/10.1/nios2eds/bin/gnu/h-i686-mingw32/bin/../lib/gcc/nios2-elf/4.1.2/../../../../nios2-elf/lib/mno-hw-mul\libc.a(lib_a-memset.o)
 .bss           0x02006f7c        0x0 c:/software/altera/10.1/nios2eds/bin/gnu/h-i686-mingw32/bin/../lib/gcc/nios2-elf/4.1.2/../../../../nios2-elf/lib/mno-hw-mul\libc.a(lib_a-strlen.o)
 .bss           0x02006f7c        0x0 c:/software/altera/10.1/nios2eds/bin/gnu/h-i686-mingw32/bin/../lib/gcc/nios2-elf/4.1.2/../../../../nios2-elf/lib/mno-hw-mul\libc.a(lib_a-__atexit.o)
 .bss           0x02006f7c        0x0 c:/software/altera/10.1/nios2eds/bin/gnu/h-i686-mingw32/bin/../lib/gcc/nios2-elf/4.1.2/../../../../nios2-elf/lib/mno-hw-mul\libc.a(lib_a-__call_atexit.o)
 .bss           0x02006f7c        0x0 c:/software/altera/10.1/nios2eds/bin/gnu/h-i686-mingw32/bin/../lib/gcc/nios2-elf/4.1.2/mno-hw-mul\libgcc.a(lib2-divmod.o)
 .bss           0x02006f7c        0x0 c:/software/altera/10.1/nios2eds/bin/gnu/h-i686-mingw32/bin/../lib/gcc/nios2-elf/4.1.2/mno-hw-mul\libgcc.a(lib2-mul.o)
 .bss           0x02006f7c        0x0 ../lab1_phase1_bsp\libhal_bsp.a(alt_exit.o)
 *(COMMON)
 COMMON         0x02006f7c      0x100 ../lab1_phase1_bsp\libhal_bsp.a(alt_irq_handler.o)
                0x02006f7c                alt_irq
 COMMON         0x0200707c      0x190 c:/software/altera/10.1/nios2eds/bin/gnu/h-i686-mingw32/bin/../lib/gcc/nios2-elf/4.1.2/../../../../nios2-elf/lib/mno-hw-mul\libc.a(lib_a-atexit.o)
                0x0200707c                _atexit0
                0x0200720c                . = ALIGN (0x4)
                0x0200720c                __bss_end = ABSOLUTE (.)

.sdram_0        0x0200720c        0x0
                0x0200720c                PROVIDE (_alt_partition_sdram_0_start, ABSOLUTE (.))
 *(.sdram_0. sdram_0.*)
                0x0200720c                . = ALIGN (0x4)
                0x0200720c                PROVIDE (_alt_partition_sdram_0_end, ABSOLUTE (.))
                0x0200720c                _end = ABSOLUTE (.)
                0x0200720c                end = ABSOLUTE (.)
                0x0200720c                __alt_stack_base = ABSOLUTE (.)
                0x0200720c                PROVIDE (_alt_partition_sdram_0_load_addr, LOADADDR (.sdram_0))

.stab
 *(.stab)

.stabstr
 *(.stabstr)

.stab.excl
 *(.stab.excl)

.stab.exclstr
 *(.stab.exclstr)

.stab.index
 *(.stab.index)

.stab.indexstr
 *(.stab.indexstr)

.comment        0x00000000       0x23
 *(.comment)
 .comment       0x00000000       0x23 obj/lab1_phase1.o
                                 0x24 (size before relaxing)
 .comment       0x00000000       0x24 ../lab1_phase1_bsp\libhal_bsp.a(alt_irq_register.o)
 .comment       0x00000000       0x24 ../lab1_phase1_bsp\libhal_bsp.a(alt_irq_vars.o)
 .comment       0x00000000       0x24 ../lab1_phase1_bsp\libhal_bsp.a(alt_load.o)
 .comment       0x00000000       0x24 ../lab1_phase1_bsp\libhal_bsp.a(alt_main.o)
 .comment       0x00000000       0x24 ../lab1_phase1_bsp\libhal_bsp.a(alt_sys_init.o)
 .comment       0x00000000       0x24 ../lab1_phase1_bsp\libhal_bsp.a(altera_avalon_jtag_uart_fd.o)
 .comment       0x00000000       0x24 ../lab1_phase1_bsp\libhal_bsp.a(altera_avalon_jtag_uart_init.o)
 .comment       0x00000000       0x24 ../lab1_phase1_bsp\libhal_bsp.a(altera_avalon_jtag_uart_ioctl.o)
 .comment       0x00000000       0x24 ../lab1_phase1_bsp\libhal_bsp.a(altera_avalon_jtag_uart_read.o)
 .comment       0x00000000       0x24 ../lab1_phase1_bsp\libhal_bsp.a(altera_avalon_jtag_uart_write.o)
 .comment       0x00000000       0x24 ../lab1_phase1_bsp\libhal_bsp.a(altera_avalon_lcd_16207.o)
 .comment       0x00000000       0x24 ../lab1_phase1_bsp\libhal_bsp.a(altera_avalon_lcd_16207_fd.o)
 .comment       0x00000000       0x24 ../lab1_phase1_bsp\libhal_bsp.a(altera_avalon_timer_sc.o)
 .comment       0x00000000       0x24 ../lab1_phase1_bsp\libhal_bsp.a(alt_alarm_start.o)
 .comment       0x00000000       0x24 ../lab1_phase1_bsp\libhal_bsp.a(alt_close.o)
 .comment       0x00000000       0x24 ../lab1_phase1_bsp\libhal_bsp.a(alt_dcache_flush_all.o)
 .comment       0x00000000       0x24 ../lab1_phase1_bsp\libhal_bsp.a(alt_dev.o)
 .comment       0x00000000       0x24 ../lab1_phase1_bsp\libhal_bsp.a(alt_dev_llist_insert.o)
 .comment       0x00000000       0x24 ../lab1_phase1_bsp\libhal_bsp.a(alt_do_ctors.o)
 .comment       0x00000000       0x24 ../lab1_phase1_bsp\libhal_bsp.a(alt_do_dtors.o)
 .comment       0x00000000       0x24 ../lab1_phase1_bsp\libhal_bsp.a(alt_errno.o)
 .comment       0x00000000       0x24 ../lab1_phase1_bsp\libhal_bsp.a(alt_icache_flush_all.o)
 .comment       0x00000000       0x24 ../lab1_phase1_bsp\libhal_bsp.a(alt_iic.o)
 .comment       0x00000000       0x24 ../lab1_phase1_bsp\libhal_bsp.a(alt_iic_isr_register.o)
 .comment       0x00000000       0x24 ../lab1_phase1_bsp\libhal_bsp.a(alt_io_redirect.o)
 .comment       0x00000000       0x24 ../lab1_phase1_bsp\libhal_bsp.a(alt_irq_handler.o)
 .comment       0x00000000       0x24 ../lab1_phase1_bsp\libhal_bsp.a(alt_open.o)
 .comment       0x00000000       0x24 ../lab1_phase1_bsp\libhal_bsp.a(alt_release_fd.o)
 .comment       0x00000000       0x24 ../lab1_phase1_bsp\libhal_bsp.a(alt_tick.o)
 .comment       0x00000000       0x24 ../lab1_phase1_bsp\libhal_bsp.a(alt_usleep.o)
 .comment       0x00000000       0x24 ../lab1_phase1_bsp\libhal_bsp.a(altera_nios2_irq.o)
 .comment       0x00000000       0x24 ../lab1_phase1_bsp\libhal_bsp.a(alt_busy_sleep.o)
 .comment       0x00000000       0x24 ../lab1_phase1_bsp\libhal_bsp.a(alt_find_dev.o)
 .comment       0x00000000       0x24 ../lab1_phase1_bsp\libhal_bsp.a(alt_find_file.o)
 .comment       0x00000000       0x24 ../lab1_phase1_bsp\libhal_bsp.a(alt_get_fd.o)
 .comment       0x00000000       0x24 ../lab1_phase1_bsp\libhal_bsp.a(alt_icache_flush.o)
 .comment       0x00000000       0x24 c:/software/altera/10.1/nios2eds/bin/gnu/h-i686-mingw32/bin/../lib/gcc/nios2-elf/4.1.2/../../../../nios2-elf/lib/mno-hw-mul\libc.a(lib_a-atexit.o)
 .comment       0x00000000       0x24 c:/software/altera/10.1/nios2eds/bin/gnu/h-i686-mingw32/bin/../lib/gcc/nios2-elf/4.1.2/../../../../nios2-elf/lib/mno-hw-mul\libc.a(lib_a-ctype_.o)
 .comment       0x00000000       0x24 c:/software/altera/10.1/nios2eds/bin/gnu/h-i686-mingw32/bin/../lib/gcc/nios2-elf/4.1.2/../../../../nios2-elf/lib/mno-hw-mul\libc.a(lib_a-exit.o)
 .comment       0x00000000       0x24 c:/software/altera/10.1/nios2eds/bin/gnu/h-i686-mingw32/bin/../lib/gcc/nios2-elf/4.1.2/../../../../nios2-elf/lib/mno-hw-mul\libc.a(lib_a-impure.o)
 .comment       0x00000000       0x24 c:/software/altera/10.1/nios2eds/bin/gnu/h-i686-mingw32/bin/../lib/gcc/nios2-elf/4.1.2/../../../../nios2-elf/lib/mno-hw-mul\libc.a(lib_a-int_errno.o)
 .comment       0x00000000       0x24 c:/software/altera/10.1/nios2eds/bin/gnu/h-i686-mingw32/bin/../lib/gcc/nios2-elf/4.1.2/../../../../nios2-elf/lib/mno-hw-mul\libc.a(lib_a-memcmp.o)
 .comment       0x00000000       0x24 c:/software/altera/10.1/nios2eds/bin/gnu/h-i686-mingw32/bin/../lib/gcc/nios2-elf/4.1.2/../../../../nios2-elf/lib/mno-hw-mul\libc.a(lib_a-memcpy.o)
 .comment       0x00000000       0x24 c:/software/altera/10.1/nios2eds/bin/gnu/h-i686-mingw32/bin/../lib/gcc/nios2-elf/4.1.2/../../../../nios2-elf/lib/mno-hw-mul\libc.a(lib_a-memset.o)
 .comment       0x00000000       0x24 c:/software/altera/10.1/nios2eds/bin/gnu/h-i686-mingw32/bin/../lib/gcc/nios2-elf/4.1.2/../../../../nios2-elf/lib/mno-hw-mul\libc.a(lib_a-strlen.o)
 .comment       0x00000000       0x24 c:/software/altera/10.1/nios2eds/bin/gnu/h-i686-mingw32/bin/../lib/gcc/nios2-elf/4.1.2/../../../../nios2-elf/lib/mno-hw-mul\libc.a(lib_a-__atexit.o)
 .comment       0x00000000       0x24 c:/software/altera/10.1/nios2eds/bin/gnu/h-i686-mingw32/bin/../lib/gcc/nios2-elf/4.1.2/../../../../nios2-elf/lib/mno-hw-mul\libc.a(lib_a-__call_atexit.o)
 .comment       0x00000000       0x24 c:/software/altera/10.1/nios2eds/bin/gnu/h-i686-mingw32/bin/../lib/gcc/nios2-elf/4.1.2/mno-hw-mul\libgcc.a(lib2-divmod.o)
 .comment       0x00000000       0x24 c:/software/altera/10.1/nios2eds/bin/gnu/h-i686-mingw32/bin/../lib/gcc/nios2-elf/4.1.2/mno-hw-mul\libgcc.a(lib2-mul.o)
 .comment       0x00000000       0x24 ../lab1_phase1_bsp\libhal_bsp.a(alt_exit.o)

.debug
 *(.debug)

.line
 *(.line)

.debug_srcinfo
 *(.debug_srcinfo)

.debug_sfnames
 *(.debug_sfnames)

.debug_aranges  0x00000000      0x658
 *(.debug_aranges)
 .debug_aranges
                0x00000000       0x28 ../lab1_phase1_bsp/obj/HAL/src/crt0.o
 .debug_aranges
                0x00000028       0x20 obj/lab1_phase1.o
 .debug_aranges
                0x00000048       0x20 ../lab1_phase1_bsp\libhal_bsp.a(alt_irq_register.o)
 .debug_aranges
                0x00000068       0x20 ../lab1_phase1_bsp\libhal_bsp.a(alt_load.o)
 .debug_aranges
                0x00000088       0x20 ../lab1_phase1_bsp\libhal_bsp.a(alt_main.o)
 .debug_aranges
                0x000000a8       0x20 ../lab1_phase1_bsp\libhal_bsp.a(alt_sys_init.o)
 .debug_aranges
                0x000000c8       0x20 ../lab1_phase1_bsp\libhal_bsp.a(altera_avalon_jtag_uart_fd.o)
 .debug_aranges
                0x000000e8       0x20 ../lab1_phase1_bsp\libhal_bsp.a(altera_avalon_jtag_uart_init.o)
 .debug_aranges
                0x00000108       0x20 ../lab1_phase1_bsp\libhal_bsp.a(altera_avalon_jtag_uart_ioctl.o)
 .debug_aranges
                0x00000128       0x20 ../lab1_phase1_bsp\libhal_bsp.a(altera_avalon_jtag_uart_read.o)
 .debug_aranges
                0x00000148       0x20 ../lab1_phase1_bsp\libhal_bsp.a(altera_avalon_jtag_uart_write.o)
 .debug_aranges
                0x00000168       0x20 ../lab1_phase1_bsp\libhal_bsp.a(altera_avalon_lcd_16207.o)
 .debug_aranges
                0x00000188       0x20 ../lab1_phase1_bsp\libhal_bsp.a(altera_avalon_lcd_16207_fd.o)
 .debug_aranges
                0x000001a8       0x20 ../lab1_phase1_bsp\libhal_bsp.a(altera_avalon_timer_sc.o)
 .debug_aranges
                0x000001c8       0x20 ../lab1_phase1_bsp\libhal_bsp.a(alt_alarm_start.o)
 .debug_aranges
                0x000001e8       0x20 ../lab1_phase1_bsp\libhal_bsp.a(alt_close.o)
 .debug_aranges
                0x00000208       0x20 ../lab1_phase1_bsp\libhal_bsp.a(alt_dcache_flush_all.o)
 .debug_aranges
                0x00000228       0x20 ../lab1_phase1_bsp\libhal_bsp.a(alt_dev.o)
 .debug_aranges
                0x00000248       0x20 ../lab1_phase1_bsp\libhal_bsp.a(alt_dev_llist_insert.o)
 .debug_aranges
                0x00000268       0x20 ../lab1_phase1_bsp\libhal_bsp.a(alt_do_ctors.o)
 .debug_aranges
                0x00000288       0x20 ../lab1_phase1_bsp\libhal_bsp.a(alt_do_dtors.o)
 .debug_aranges
                0x000002a8       0x20 ../lab1_phase1_bsp\libhal_bsp.a(alt_icache_flush_all.o)
 .debug_aranges
                0x000002c8       0x20 ../lab1_phase1_bsp\libhal_bsp.a(alt_iic.o)
 .debug_aranges
                0x000002e8       0x20 ../lab1_phase1_bsp\libhal_bsp.a(alt_iic_isr_register.o)
 .debug_aranges
                0x00000308       0x20 ../lab1_phase1_bsp\libhal_bsp.a(alt_io_redirect.o)
 .debug_aranges
                0x00000328       0x30 ../lab1_phase1_bsp\libhal_bsp.a(alt_irq_entry.o)
 .debug_aranges
                0x00000358       0x28 ../lab1_phase1_bsp\libhal_bsp.a(alt_irq_handler.o)
 .debug_aranges
                0x00000380       0x20 ../lab1_phase1_bsp\libhal_bsp.a(alt_open.o)
 .debug_aranges
                0x000003a0       0x20 ../lab1_phase1_bsp\libhal_bsp.a(alt_release_fd.o)
 .debug_aranges
                0x000003c0       0x20 ../lab1_phase1_bsp\libhal_bsp.a(alt_tick.o)
 .debug_aranges
                0x000003e0       0x20 ../lab1_phase1_bsp\libhal_bsp.a(alt_usleep.o)
 .debug_aranges
                0x00000400       0x20 ../lab1_phase1_bsp\libhal_bsp.a(altera_nios2_irq.o)
 .debug_aranges
                0x00000420       0x20 ../lab1_phase1_bsp\libhal_bsp.a(alt_busy_sleep.o)
 .debug_aranges
                0x00000440       0x38 ../lab1_phase1_bsp\libhal_bsp.a(alt_exception_entry.o)
 .debug_aranges
                0x00000478       0x20 ../lab1_phase1_bsp\libhal_bsp.a(alt_find_dev.o)
 .debug_aranges
                0x00000498       0x20 ../lab1_phase1_bsp\libhal_bsp.a(alt_find_file.o)
 .debug_aranges
                0x000004b8       0x20 ../lab1_phase1_bsp\libhal_bsp.a(alt_get_fd.o)
 .debug_aranges
                0x000004d8       0x20 ../lab1_phase1_bsp\libhal_bsp.a(alt_icache_flush.o)
 .debug_aranges
                0x000004f8       0x20 c:/software/altera/10.1/nios2eds/bin/gnu/h-i686-mingw32/bin/../lib/gcc/nios2-elf/4.1.2/../../../../nios2-elf/lib/mno-hw-mul\libc.a(lib_a-atexit.o)
 .debug_aranges
                0x00000518       0x20 c:/software/altera/10.1/nios2eds/bin/gnu/h-i686-mingw32/bin/../lib/gcc/nios2-elf/4.1.2/../../../../nios2-elf/lib/mno-hw-mul\libc.a(lib_a-exit.o)
 .debug_aranges
                0x00000538       0x20 c:/software/altera/10.1/nios2eds/bin/gnu/h-i686-mingw32/bin/../lib/gcc/nios2-elf/4.1.2/../../../../nios2-elf/lib/mno-hw-mul\libc.a(lib_a-memcmp.o)
 .debug_aranges
                0x00000558       0x20 c:/software/altera/10.1/nios2eds/bin/gnu/h-i686-mingw32/bin/../lib/gcc/nios2-elf/4.1.2/../../../../nios2-elf/lib/mno-hw-mul\libc.a(lib_a-memcpy.o)
 .debug_aranges
                0x00000578       0x20 c:/software/altera/10.1/nios2eds/bin/gnu/h-i686-mingw32/bin/../lib/gcc/nios2-elf/4.1.2/../../../../nios2-elf/lib/mno-hw-mul\libc.a(lib_a-memset.o)
 .debug_aranges
                0x00000598       0x20 c:/software/altera/10.1/nios2eds/bin/gnu/h-i686-mingw32/bin/../lib/gcc/nios2-elf/4.1.2/../../../../nios2-elf/lib/mno-hw-mul\libc.a(lib_a-strlen.o)
 .debug_aranges
                0x000005b8       0x20 c:/software/altera/10.1/nios2eds/bin/gnu/h-i686-mingw32/bin/../lib/gcc/nios2-elf/4.1.2/../../../../nios2-elf/lib/mno-hw-mul\libc.a(lib_a-__atexit.o)
 .debug_aranges
                0x000005d8       0x20 c:/software/altera/10.1/nios2eds/bin/gnu/h-i686-mingw32/bin/../lib/gcc/nios2-elf/4.1.2/../../../../nios2-elf/lib/mno-hw-mul\libc.a(lib_a-__call_atexit.o)
 .debug_aranges
                0x000005f8       0x20 c:/software/altera/10.1/nios2eds/bin/gnu/h-i686-mingw32/bin/../lib/gcc/nios2-elf/4.1.2/mno-hw-mul\libgcc.a(lib2-divmod.o)
 .debug_aranges
                0x00000618       0x20 c:/software/altera/10.1/nios2eds/bin/gnu/h-i686-mingw32/bin/../lib/gcc/nios2-elf/4.1.2/mno-hw-mul\libgcc.a(lib2-mul.o)
 .debug_aranges
                0x00000638       0x20 ../lab1_phase1_bsp\libhal_bsp.a(alt_exit.o)

.debug_pubnames
                0x00000000      0x9e8
 *(.debug_pubnames)
 .debug_pubnames
                0x00000000       0x71 obj/lab1_phase1.o
 .debug_pubnames
                0x00000071       0x27 ../lab1_phase1_bsp\libhal_bsp.a(alt_irq_register.o)
 .debug_pubnames
                0x00000098       0x3b ../lab1_phase1_bsp\libhal_bsp.a(alt_irq_vars.o)
 .debug_pubnames
                0x000000d3       0x1f ../lab1_phase1_bsp\libhal_bsp.a(alt_load.o)
 .debug_pubnames
                0x000000f2       0x46 ../lab1_phase1_bsp\libhal_bsp.a(alt_main.o)
 .debug_pubnames
                0x00000138       0x34 ../lab1_phase1_bsp\libhal_bsp.a(alt_sys_init.o)
 .debug_pubnames
                0x0000016c       0xa5 ../lab1_phase1_bsp\libhal_bsp.a(altera_avalon_jtag_uart_fd.o)
 .debug_pubnames
                0x00000211       0x55 ../lab1_phase1_bsp\libhal_bsp.a(altera_avalon_jtag_uart_init.o)
 .debug_pubnames
                0x00000266       0x34 ../lab1_phase1_bsp\libhal_bsp.a(altera_avalon_jtag_uart_ioctl.o)
 .debug_pubnames
                0x0000029a       0x33 ../lab1_phase1_bsp\libhal_bsp.a(altera_avalon_jtag_uart_read.o)
 .debug_pubnames
                0x000002cd       0x34 ../lab1_phase1_bsp\libhal_bsp.a(altera_avalon_jtag_uart_write.o)
 .debug_pubnames
                0x00000301       0x55 ../lab1_phase1_bsp\libhal_bsp.a(altera_avalon_lcd_16207.o)
 .debug_pubnames
                0x00000356       0x37 ../lab1_phase1_bsp\libhal_bsp.a(altera_avalon_lcd_16207_fd.o)
 .debug_pubnames
                0x0000038d       0x2f ../lab1_phase1_bsp\libhal_bsp.a(altera_avalon_timer_sc.o)
 .debug_pubnames
                0x000003bc       0x26 ../lab1_phase1_bsp\libhal_bsp.a(alt_alarm_start.o)
 .debug_pubnames
                0x000003e2       0x1c ../lab1_phase1_bsp\libhal_bsp.a(alt_close.o)
 .debug_pubnames
                0x000003fe       0x2b ../lab1_phase1_bsp\libhal_bsp.a(alt_dcache_flush_all.o)
 .debug_pubnames
                0x00000429       0x63 ../lab1_phase1_bsp\libhal_bsp.a(alt_dev.o)
 .debug_pubnames
                0x0000048c       0x2b ../lab1_phase1_bsp\libhal_bsp.a(alt_dev_llist_insert.o)
 .debug_pubnames
                0x000004b7       0x20 ../lab1_phase1_bsp\libhal_bsp.a(alt_do_ctors.o)
 .debug_pubnames
                0x000004d7       0x20 ../lab1_phase1_bsp\libhal_bsp.a(alt_do_dtors.o)
 .debug_pubnames
                0x000004f7       0x20 ../lab1_phase1_bsp\libhal_bsp.a(alt_errno.o)
 .debug_pubnames
                0x00000517       0x2b ../lab1_phase1_bsp\libhal_bsp.a(alt_icache_flush_all.o)
 .debug_pubnames
                0x00000542       0x6e ../lab1_phase1_bsp\libhal_bsp.a(alt_iic.o)
 .debug_pubnames
                0x000005b0       0x2b ../lab1_phase1_bsp\libhal_bsp.a(alt_iic_isr_register.o)
 .debug_pubnames
                0x000005db       0x26 ../lab1_phase1_bsp\libhal_bsp.a(alt_io_redirect.o)
 .debug_pubnames
                0x00000601       0x32 ../lab1_phase1_bsp\libhal_bsp.a(alt_irq_handler.o)
 .debug_pubnames
                0x00000633       0x1b ../lab1_phase1_bsp\libhal_bsp.a(alt_open.o)
 .debug_pubnames
                0x0000064e       0x25 ../lab1_phase1_bsp\libhal_bsp.a(alt_release_fd.o)
 .debug_pubnames
                0x00000673       0x68 ../lab1_phase1_bsp\libhal_bsp.a(alt_tick.o)
 .debug_pubnames
                0x000006db       0x1d ../lab1_phase1_bsp\libhal_bsp.a(alt_usleep.o)
 .debug_pubnames
                0x000006f8       0x2c ../lab1_phase1_bsp\libhal_bsp.a(altera_nios2_irq.o)
 .debug_pubnames
                0x00000724       0x25 ../lab1_phase1_bsp\libhal_bsp.a(alt_busy_sleep.o)
 .debug_pubnames
                0x00000749       0x23 ../lab1_phase1_bsp\libhal_bsp.a(alt_find_dev.o)
 .debug_pubnames
                0x0000076c       0x24 ../lab1_phase1_bsp\libhal_bsp.a(alt_find_file.o)
 .debug_pubnames
                0x00000790       0x21 ../lab1_phase1_bsp\libhal_bsp.a(alt_get_fd.o)
 .debug_pubnames
                0x000007b1       0x27 ../lab1_phase1_bsp\libhal_bsp.a(alt_icache_flush.o)
 .debug_pubnames
                0x000007d8       0x2a c:/software/altera/10.1/nios2eds/bin/gnu/h-i686-mingw32/bin/../lib/gcc/nios2-elf/4.1.2/../../../../nios2-elf/lib/mno-hw-mul\libc.a(lib_a-atexit.o)
 .debug_pubnames
                0x00000802       0x2e c:/software/altera/10.1/nios2eds/bin/gnu/h-i686-mingw32/bin/../lib/gcc/nios2-elf/4.1.2/../../../../nios2-elf/lib/mno-hw-mul\libc.a(lib_a-ctype_.o)
 .debug_pubnames
                0x00000830       0x1b c:/software/altera/10.1/nios2eds/bin/gnu/h-i686-mingw32/bin/../lib/gcc/nios2-elf/4.1.2/../../../../nios2-elf/lib/mno-hw-mul\libc.a(lib_a-exit.o)
 .debug_pubnames
                0x0000084b       0x39 c:/software/altera/10.1/nios2eds/bin/gnu/h-i686-mingw32/bin/../lib/gcc/nios2-elf/4.1.2/../../../../nios2-elf/lib/mno-hw-mul\libc.a(lib_a-impure.o)
 .debug_pubnames
                0x00000884       0x1c c:/software/altera/10.1/nios2eds/bin/gnu/h-i686-mingw32/bin/../lib/gcc/nios2-elf/4.1.2/../../../../nios2-elf/lib/mno-hw-mul\libc.a(lib_a-int_errno.o)
 .debug_pubnames
                0x000008a0       0x1d c:/software/altera/10.1/nios2eds/bin/gnu/h-i686-mingw32/bin/../lib/gcc/nios2-elf/4.1.2/../../../../nios2-elf/lib/mno-hw-mul\libc.a(lib_a-memcmp.o)
 .debug_pubnames
                0x000008bd       0x1d c:/software/altera/10.1/nios2eds/bin/gnu/h-i686-mingw32/bin/../lib/gcc/nios2-elf/4.1.2/../../../../nios2-elf/lib/mno-hw-mul\libc.a(lib_a-memcpy.o)
 .debug_pubnames
                0x000008da       0x1d c:/software/altera/10.1/nios2eds/bin/gnu/h-i686-mingw32/bin/../lib/gcc/nios2-elf/4.1.2/../../../../nios2-elf/lib/mno-hw-mul\libc.a(lib_a-memset.o)
 .debug_pubnames
                0x000008f7       0x1d c:/software/altera/10.1/nios2eds/bin/gnu/h-i686-mingw32/bin/../lib/gcc/nios2-elf/4.1.2/../../../../nios2-elf/lib/mno-hw-mul\libc.a(lib_a-strlen.o)
 .debug_pubnames
                0x00000914       0x2a c:/software/altera/10.1/nios2eds/bin/gnu/h-i686-mingw32/bin/../lib/gcc/nios2-elf/4.1.2/../../../../nios2-elf/lib/mno-hw-mul\libc.a(lib_a-__atexit.o)
 .debug_pubnames
                0x0000093e       0x27 c:/software/altera/10.1/nios2eds/bin/gnu/h-i686-mingw32/bin/../lib/gcc/nios2-elf/4.1.2/../../../../nios2-elf/lib/mno-hw-mul\libc.a(lib_a-__call_atexit.o)
 .debug_pubnames
                0x00000965       0x48 c:/software/altera/10.1/nios2eds/bin/gnu/h-i686-mingw32/bin/../lib/gcc/nios2-elf/4.1.2/mno-hw-mul\libgcc.a(lib2-divmod.o)
 .debug_pubnames
                0x000009ad       0x1f c:/software/altera/10.1/nios2eds/bin/gnu/h-i686-mingw32/bin/../lib/gcc/nios2-elf/4.1.2/mno-hw-mul\libgcc.a(lib2-mul.o)
 .debug_pubnames
                0x000009cc       0x1c ../lab1_phase1_bsp\libhal_bsp.a(alt_exit.o)

.debug_info     0x00000000     0xc071
 *(.debug_info .gnu.linkonce.wi.*)
 .debug_info    0x00000000       0x77 ../lab1_phase1_bsp/obj/HAL/src/crt0.o
 .debug_info    0x00000077      0x25e obj/lab1_phase1.o
 .debug_info    0x000002d5      0x426 ../lab1_phase1_bsp\libhal_bsp.a(alt_irq_register.o)
 .debug_info    0x000006fb      0x163 ../lab1_phase1_bsp\libhal_bsp.a(alt_irq_vars.o)
 .debug_info    0x0000085e      0x289 ../lab1_phase1_bsp\libhal_bsp.a(alt_load.o)
 .debug_info    0x00000ae7      0x221 ../lab1_phase1_bsp\libhal_bsp.a(alt_main.o)
 .debug_info    0x00000d08      0x94f ../lab1_phase1_bsp\libhal_bsp.a(alt_sys_init.o)
 .debug_info    0x00001657      0x7d5 ../lab1_phase1_bsp\libhal_bsp.a(altera_avalon_jtag_uart_fd.o)
 .debug_info    0x00001e2c      0x5fd ../lab1_phase1_bsp\libhal_bsp.a(altera_avalon_jtag_uart_init.o)
 .debug_info    0x00002429      0x43f ../lab1_phase1_bsp\libhal_bsp.a(altera_avalon_jtag_uart_ioctl.o)
 .debug_info    0x00002868      0x542 ../lab1_phase1_bsp\libhal_bsp.a(altera_avalon_jtag_uart_read.o)
 .debug_info    0x00002daa      0x53a ../lab1_phase1_bsp\libhal_bsp.a(altera_avalon_jtag_uart_write.o)
 .debug_info    0x000032e4      0x8ea ../lab1_phase1_bsp\libhal_bsp.a(altera_avalon_lcd_16207.o)
 .debug_info    0x00003bce      0x70e ../lab1_phase1_bsp\libhal_bsp.a(altera_avalon_lcd_16207_fd.o)
 .debug_info    0x000042dc      0x387 ../lab1_phase1_bsp\libhal_bsp.a(altera_avalon_timer_sc.o)
 .debug_info    0x00004663      0x43e ../lab1_phase1_bsp\libhal_bsp.a(alt_alarm_start.o)
 .debug_info    0x00004aa1      0x463 ../lab1_phase1_bsp\libhal_bsp.a(alt_close.o)
 .debug_info    0x00004f04      0x158 ../lab1_phase1_bsp\libhal_bsp.a(alt_dcache_flush_all.o)
 .debug_info    0x0000505c      0x67b ../lab1_phase1_bsp\libhal_bsp.a(alt_dev.o)
 .debug_info    0x000056d7      0x2b3 ../lab1_phase1_bsp\libhal_bsp.a(alt_dev_llist_insert.o)
 .debug_info    0x0000598a       0xe8 ../lab1_phase1_bsp\libhal_bsp.a(alt_do_ctors.o)
 .debug_info    0x00005a72       0xe7 ../lab1_phase1_bsp\libhal_bsp.a(alt_do_dtors.o)
 .debug_info    0x00005b59      0x160 ../lab1_phase1_bsp\libhal_bsp.a(alt_errno.o)
 .debug_info    0x00005cb9      0x158 ../lab1_phase1_bsp\libhal_bsp.a(alt_icache_flush_all.o)
 .debug_info    0x00005e11      0x48f ../lab1_phase1_bsp\libhal_bsp.a(alt_iic.o)
 .debug_info    0x000062a0      0x310 ../lab1_phase1_bsp\libhal_bsp.a(alt_iic_isr_register.o)
 .debug_info    0x000065b0      0x691 ../lab1_phase1_bsp\libhal_bsp.a(alt_io_redirect.o)
 .debug_info    0x00006c41       0x80 ../lab1_phase1_bsp\libhal_bsp.a(alt_irq_entry.o)
 .debug_info    0x00006cc1      0x271 ../lab1_phase1_bsp\libhal_bsp.a(alt_irq_handler.o)
 .debug_info    0x00006f32      0x521 ../lab1_phase1_bsp\libhal_bsp.a(alt_open.o)
 .debug_info    0x00007453      0x3ee ../lab1_phase1_bsp\libhal_bsp.a(alt_release_fd.o)
 .debug_info    0x00007841      0x3fa ../lab1_phase1_bsp\libhal_bsp.a(alt_tick.o)
 .debug_info    0x00007c3b      0x141 ../lab1_phase1_bsp\libhal_bsp.a(alt_usleep.o)
 .debug_info    0x00007d7c      0x155 ../lab1_phase1_bsp\libhal_bsp.a(altera_nios2_irq.o)
 .debug_info    0x00007ed1      0x1a7 ../lab1_phase1_bsp\libhal_bsp.a(alt_busy_sleep.o)
 .debug_info    0x00008078       0x86 ../lab1_phase1_bsp\libhal_bsp.a(alt_exception_entry.o)
 .debug_info    0x000080fe      0x414 ../lab1_phase1_bsp\libhal_bsp.a(alt_find_dev.o)
 .debug_info    0x00008512      0x41b ../lab1_phase1_bsp\libhal_bsp.a(alt_find_file.o)
 .debug_info    0x0000892d      0x45c ../lab1_phase1_bsp\libhal_bsp.a(alt_get_fd.o)
 .debug_info    0x00008d89      0x1a0 ../lab1_phase1_bsp\libhal_bsp.a(alt_icache_flush.o)
 .debug_info    0x00008f29      0x181 c:/software/altera/10.1/nios2eds/bin/gnu/h-i686-mingw32/bin/../lib/gcc/nios2-elf/4.1.2/../../../../nios2-elf/lib/mno-hw-mul\libc.a(lib_a-atexit.o)
 .debug_info    0x000090aa       0xa0 c:/software/altera/10.1/nios2eds/bin/gnu/h-i686-mingw32/bin/../lib/gcc/nios2-elf/4.1.2/../../../../nios2-elf/lib/mno-hw-mul\libc.a(lib_a-ctype_.o)
 .debug_info    0x0000914a      0x93f c:/software/altera/10.1/nios2eds/bin/gnu/h-i686-mingw32/bin/../lib/gcc/nios2-elf/4.1.2/../../../../nios2-elf/lib/mno-hw-mul\libc.a(lib_a-exit.o)
 .debug_info    0x00009a89      0x93d c:/software/altera/10.1/nios2eds/bin/gnu/h-i686-mingw32/bin/../lib/gcc/nios2-elf/4.1.2/../../../../nios2-elf/lib/mno-hw-mul\libc.a(lib_a-impure.o)
 .debug_info    0x0000a3c6       0x8c c:/software/altera/10.1/nios2eds/bin/gnu/h-i686-mingw32/bin/../lib/gcc/nios2-elf/4.1.2/../../../../nios2-elf/lib/mno-hw-mul\libc.a(lib_a-int_errno.o)
 .debug_info    0x0000a452      0x115 c:/software/altera/10.1/nios2eds/bin/gnu/h-i686-mingw32/bin/../lib/gcc/nios2-elf/4.1.2/../../../../nios2-elf/lib/mno-hw-mul\libc.a(lib_a-memcmp.o)
 .debug_info    0x0000a567      0x106 c:/software/altera/10.1/nios2eds/bin/gnu/h-i686-mingw32/bin/../lib/gcc/nios2-elf/4.1.2/../../../../nios2-elf/lib/mno-hw-mul\libc.a(lib_a-memcpy.o)
 .debug_info    0x0000a66d      0x113 c:/software/altera/10.1/nios2eds/bin/gnu/h-i686-mingw32/bin/../lib/gcc/nios2-elf/4.1.2/../../../../nios2-elf/lib/mno-hw-mul\libc.a(lib_a-memset.o)
 .debug_info    0x0000a780       0xdb c:/software/altera/10.1/nios2eds/bin/gnu/h-i686-mingw32/bin/../lib/gcc/nios2-elf/4.1.2/../../../../nios2-elf/lib/mno-hw-mul\libc.a(lib_a-strlen.o)
 .debug_info    0x0000a85b      0x99c c:/software/altera/10.1/nios2eds/bin/gnu/h-i686-mingw32/bin/../lib/gcc/nios2-elf/4.1.2/../../../../nios2-elf/lib/mno-hw-mul\libc.a(lib_a-__atexit.o)
 .debug_info    0x0000b1f7      0x9e2 c:/software/altera/10.1/nios2eds/bin/gnu/h-i686-mingw32/bin/../lib/gcc/nios2-elf/4.1.2/../../../../nios2-elf/lib/mno-hw-mul\libc.a(lib_a-__call_atexit.o)
 .debug_info    0x0000bbd9      0x21c c:/software/altera/10.1/nios2eds/bin/gnu/h-i686-mingw32/bin/../lib/gcc/nios2-elf/4.1.2/mno-hw-mul\libgcc.a(lib2-divmod.o)
 .debug_info    0x0000bdf5       0xf3 c:/software/altera/10.1/nios2eds/bin/gnu/h-i686-mingw32/bin/../lib/gcc/nios2-elf/4.1.2/mno-hw-mul\libgcc.a(lib2-mul.o)
 .debug_info    0x0000bee8      0x189 ../lab1_phase1_bsp\libhal_bsp.a(alt_exit.o)

.debug_abbrev   0x00000000     0x2d3d
 *(.debug_abbrev)
 .debug_abbrev  0x00000000       0x12 ../lab1_phase1_bsp/obj/HAL/src/crt0.o
 .debug_abbrev  0x00000012       0xa0 obj/lab1_phase1.o
 .debug_abbrev  0x000000b2      0x180 ../lab1_phase1_bsp\libhal_bsp.a(alt_irq_register.o)
 .debug_abbrev  0x00000232       0x44 ../lab1_phase1_bsp\libhal_bsp.a(alt_irq_vars.o)
 .debug_abbrev  0x00000276       0x88 ../lab1_phase1_bsp\libhal_bsp.a(alt_load.o)
 .debug_abbrev  0x000002fe       0xb7 ../lab1_phase1_bsp\libhal_bsp.a(alt_main.o)
 .debug_abbrev  0x000003b5      0x158 ../lab1_phase1_bsp\libhal_bsp.a(alt_sys_init.o)
 .debug_abbrev  0x0000050d       0xf7 ../lab1_phase1_bsp\libhal_bsp.a(altera_avalon_jtag_uart_fd.o)
 .debug_abbrev  0x00000604      0x17c ../lab1_phase1_bsp\libhal_bsp.a(altera_avalon_jtag_uart_init.o)
 .debug_abbrev  0x00000780       0xf0 ../lab1_phase1_bsp\libhal_bsp.a(altera_avalon_jtag_uart_ioctl.o)
 .debug_abbrev  0x00000870      0x191 ../lab1_phase1_bsp\libhal_bsp.a(altera_avalon_jtag_uart_read.o)
 .debug_abbrev  0x00000a01      0x18d ../lab1_phase1_bsp\libhal_bsp.a(altera_avalon_jtag_uart_write.o)
 .debug_abbrev  0x00000b8e      0x1c3 ../lab1_phase1_bsp\libhal_bsp.a(altera_avalon_lcd_16207.o)
 .debug_abbrev  0x00000d51      0x104 ../lab1_phase1_bsp\libhal_bsp.a(altera_avalon_lcd_16207_fd.o)
 .debug_abbrev  0x00000e55      0x137 ../lab1_phase1_bsp\libhal_bsp.a(altera_avalon_timer_sc.o)
 .debug_abbrev  0x00000f8c      0x172 ../lab1_phase1_bsp\libhal_bsp.a(alt_alarm_start.o)
 .debug_abbrev  0x000010fe       0xfb ../lab1_phase1_bsp\libhal_bsp.a(alt_close.o)
 .debug_abbrev  0x000011f9       0x3f ../lab1_phase1_bsp\libhal_bsp.a(alt_dcache_flush_all.o)
 .debug_abbrev  0x00001238       0xc7 ../lab1_phase1_bsp\libhal_bsp.a(alt_dev.o)
 .debug_abbrev  0x000012ff       0xf6 ../lab1_phase1_bsp\libhal_bsp.a(alt_dev_llist_insert.o)
 .debug_abbrev  0x000013f5       0x74 ../lab1_phase1_bsp\libhal_bsp.a(alt_do_ctors.o)
 .debug_abbrev  0x00001469       0x74 ../lab1_phase1_bsp\libhal_bsp.a(alt_do_dtors.o)
 .debug_abbrev  0x000014dd       0x5e ../lab1_phase1_bsp\libhal_bsp.a(alt_errno.o)
 .debug_abbrev  0x0000153b       0x3f ../lab1_phase1_bsp\libhal_bsp.a(alt_icache_flush_all.o)
 .debug_abbrev  0x0000157a      0x134 ../lab1_phase1_bsp\libhal_bsp.a(alt_iic.o)
 .debug_abbrev  0x000016ae      0x14e ../lab1_phase1_bsp\libhal_bsp.a(alt_iic_isr_register.o)
 .debug_abbrev  0x000017fc       0xf0 ../lab1_phase1_bsp\libhal_bsp.a(alt_io_redirect.o)
 .debug_abbrev  0x000018ec       0x12 ../lab1_phase1_bsp\libhal_bsp.a(alt_irq_entry.o)
 .debug_abbrev  0x000018fe      0x10c ../lab1_phase1_bsp\libhal_bsp.a(alt_irq_handler.o)
 .debug_abbrev  0x00001a0a      0x112 ../lab1_phase1_bsp\libhal_bsp.a(alt_open.o)
 .debug_abbrev  0x00001b1c       0xc1 ../lab1_phase1_bsp\libhal_bsp.a(alt_release_fd.o)
 .debug_abbrev  0x00001bdd      0x150 ../lab1_phase1_bsp\libhal_bsp.a(alt_tick.o)
 .debug_abbrev  0x00001d2d       0x5b ../lab1_phase1_bsp\libhal_bsp.a(alt_usleep.o)
 .debug_abbrev  0x00001d88       0x3f ../lab1_phase1_bsp\libhal_bsp.a(altera_nios2_irq.o)
 .debug_abbrev  0x00001dc7       0x6c ../lab1_phase1_bsp\libhal_bsp.a(alt_busy_sleep.o)
 .debug_abbrev  0x00001e33       0x12 ../lab1_phase1_bsp\libhal_bsp.a(alt_exception_entry.o)
 .debug_abbrev  0x00001e45       0xcf ../lab1_phase1_bsp\libhal_bsp.a(alt_find_dev.o)
 .debug_abbrev  0x00001f14       0xcf ../lab1_phase1_bsp\libhal_bsp.a(alt_find_file.o)
 .debug_abbrev  0x00001fe3       0xfb ../lab1_phase1_bsp\libhal_bsp.a(alt_get_fd.o)
 .debug_abbrev  0x000020de       0x7a ../lab1_phase1_bsp\libhal_bsp.a(alt_icache_flush.o)
 .debug_abbrev  0x00002158       0xb7 c:/software/altera/10.1/nios2eds/bin/gnu/h-i686-mingw32/bin/../lib/gcc/nios2-elf/4.1.2/../../../../nios2-elf/lib/mno-hw-mul\libc.a(lib_a-atexit.o)
 .debug_abbrev  0x0000220f       0x61 c:/software/altera/10.1/nios2eds/bin/gnu/h-i686-mingw32/bin/../lib/gcc/nios2-elf/4.1.2/../../../../nios2-elf/lib/mno-hw-mul\libc.a(lib_a-ctype_.o)
 .debug_abbrev  0x00002270      0x16e c:/software/altera/10.1/nios2eds/bin/gnu/h-i686-mingw32/bin/../lib/gcc/nios2-elf/4.1.2/../../../../nios2-elf/lib/mno-hw-mul\libc.a(lib_a-exit.o)
 .debug_abbrev  0x000023de      0x157 c:/software/altera/10.1/nios2eds/bin/gnu/h-i686-mingw32/bin/../lib/gcc/nios2-elf/4.1.2/../../../../nios2-elf/lib/mno-hw-mul\libc.a(lib_a-impure.o)
 .debug_abbrev  0x00002535       0x3b c:/software/altera/10.1/nios2eds/bin/gnu/h-i686-mingw32/bin/../lib/gcc/nios2-elf/4.1.2/../../../../nios2-elf/lib/mno-hw-mul\libc.a(lib_a-int_errno.o)
 .debug_abbrev  0x00002570       0x7c c:/software/altera/10.1/nios2eds/bin/gnu/h-i686-mingw32/bin/../lib/gcc/nios2-elf/4.1.2/../../../../nios2-elf/lib/mno-hw-mul\libc.a(lib_a-memcmp.o)
 .debug_abbrev  0x000025ec       0xb5 c:/software/altera/10.1/nios2eds/bin/gnu/h-i686-mingw32/bin/../lib/gcc/nios2-elf/4.1.2/../../../../nios2-elf/lib/mno-hw-mul\libc.a(lib_a-memcpy.o)
 .debug_abbrev  0x000026a1       0xb8 c:/software/altera/10.1/nios2eds/bin/gnu/h-i686-mingw32/bin/../lib/gcc/nios2-elf/4.1.2/../../../../nios2-elf/lib/mno-hw-mul\libc.a(lib_a-memset.o)
 .debug_abbrev  0x00002759       0x8b c:/software/altera/10.1/nios2eds/bin/gnu/h-i686-mingw32/bin/../lib/gcc/nios2-elf/4.1.2/../../../../nios2-elf/lib/mno-hw-mul\libc.a(lib_a-strlen.o)
 .debug_abbrev  0x000027e4      0x1ae c:/software/altera/10.1/nios2eds/bin/gnu/h-i686-mingw32/bin/../lib/gcc/nios2-elf/4.1.2/../../../../nios2-elf/lib/mno-hw-mul\libc.a(lib_a-__atexit.o)
 .debug_abbrev  0x00002992      0x1de c:/software/altera/10.1/nios2eds/bin/gnu/h-i686-mingw32/bin/../lib/gcc/nios2-elf/4.1.2/../../../../nios2-elf/lib/mno-hw-mul\libc.a(lib_a-__call_atexit.o)
 .debug_abbrev  0x00002b70       0xe0 c:/software/altera/10.1/nios2eds/bin/gnu/h-i686-mingw32/bin/../lib/gcc/nios2-elf/4.1.2/mno-hw-mul\libgcc.a(lib2-divmod.o)
 .debug_abbrev  0x00002c50       0x7b c:/software/altera/10.1/nios2eds/bin/gnu/h-i686-mingw32/bin/../lib/gcc/nios2-elf/4.1.2/mno-hw-mul\libgcc.a(lib2-mul.o)
 .debug_abbrev  0x00002ccb       0x72 ../lab1_phase1_bsp\libhal_bsp.a(alt_exit.o)

.debug_line     0x00000000     0x83e4
 *(.debug_line)
 .debug_line    0x00000000       0x8f ../lab1_phase1_bsp/obj/HAL/src/crt0.o
 .debug_line    0x0000008f      0x374 obj/lab1_phase1.o
 .debug_line    0x00000403      0x332 ../lab1_phase1_bsp\libhal_bsp.a(alt_irq_register.o)
 .debug_line    0x00000735       0x95 ../lab1_phase1_bsp\libhal_bsp.a(alt_irq_vars.o)
 .debug_line    0x000007ca      0x246 ../lab1_phase1_bsp\libhal_bsp.a(alt_load.o)
 .debug_line    0x00000a10      0x2f9 ../lab1_phase1_bsp\libhal_bsp.a(alt_main.o)
 .debug_line    0x00000d09      0x33b ../lab1_phase1_bsp\libhal_bsp.a(alt_sys_init.o)
 .debug_line    0x00001044      0x240 ../lab1_phase1_bsp\libhal_bsp.a(altera_avalon_jtag_uart_fd.o)
 .debug_line    0x00001284      0x4da ../lab1_phase1_bsp\libhal_bsp.a(altera_avalon_jtag_uart_init.o)
 .debug_line    0x0000175e      0x346 ../lab1_phase1_bsp\libhal_bsp.a(altera_avalon_jtag_uart_ioctl.o)
 .debug_line    0x00001aa4      0x426 ../lab1_phase1_bsp\libhal_bsp.a(altera_avalon_jtag_uart_read.o)
 .debug_line    0x00001eca      0x434 ../lab1_phase1_bsp\libhal_bsp.a(altera_avalon_jtag_uart_write.o)
 .debug_line    0x000022fe      0x8f0 ../lab1_phase1_bsp\libhal_bsp.a(altera_avalon_lcd_16207.o)
 .debug_line    0x00002bee      0x1e0 ../lab1_phase1_bsp\libhal_bsp.a(altera_avalon_lcd_16207_fd.o)
 .debug_line    0x00002dce      0x2e2 ../lab1_phase1_bsp\libhal_bsp.a(altera_avalon_timer_sc.o)
 .debug_line    0x000030b0      0x30b ../lab1_phase1_bsp\libhal_bsp.a(alt_alarm_start.o)
 .debug_line    0x000033bb      0x2c8 ../lab1_phase1_bsp\libhal_bsp.a(alt_close.o)
 .debug_line    0x00003683      0x1e4 ../lab1_phase1_bsp\libhal_bsp.a(alt_dcache_flush_all.o)
 .debug_line    0x00003867      0x283 ../lab1_phase1_bsp\libhal_bsp.a(alt_dev.o)
 .debug_line    0x00003aea      0x289 ../lab1_phase1_bsp\libhal_bsp.a(alt_dev_llist_insert.o)
 .debug_line    0x00003d73       0xa6 ../lab1_phase1_bsp\libhal_bsp.a(alt_do_ctors.o)
 .debug_line    0x00003e19       0xa6 ../lab1_phase1_bsp\libhal_bsp.a(alt_do_dtors.o)
 .debug_line    0x00003ebf      0x1d9 ../lab1_phase1_bsp\libhal_bsp.a(alt_errno.o)
 .debug_line    0x00004098      0x1ec ../lab1_phase1_bsp\libhal_bsp.a(alt_icache_flush_all.o)
 .debug_line    0x00004284      0x2f7 ../lab1_phase1_bsp\libhal_bsp.a(alt_iic.o)
 .debug_line    0x0000457b      0x278 ../lab1_phase1_bsp\libhal_bsp.a(alt_iic_isr_register.o)
 .debug_line    0x000047f3      0x2e3 ../lab1_phase1_bsp\libhal_bsp.a(alt_io_redirect.o)
 .debug_line    0x00004ad6       0x8e ../lab1_phase1_bsp\libhal_bsp.a(alt_irq_entry.o)
 .debug_line    0x00004b64      0x277 ../lab1_phase1_bsp\libhal_bsp.a(alt_irq_handler.o)
 .debug_line    0x00004ddb      0x32e ../lab1_phase1_bsp\libhal_bsp.a(alt_open.o)
 .debug_line    0x00005109      0x110 ../lab1_phase1_bsp\libhal_bsp.a(alt_release_fd.o)
 .debug_line    0x00005219      0x30b ../lab1_phase1_bsp\libhal_bsp.a(alt_tick.o)
 .debug_line    0x00005524      0x237 ../lab1_phase1_bsp\libhal_bsp.a(alt_usleep.o)
 .debug_line    0x0000575b      0x1f8 ../lab1_phase1_bsp\libhal_bsp.a(altera_nios2_irq.o)
 .debug_line    0x00005953      0x291 ../lab1_phase1_bsp\libhal_bsp.a(alt_busy_sleep.o)
 .debug_line    0x00005be4       0xce ../lab1_phase1_bsp\libhal_bsp.a(alt_exception_entry.o)
 .debug_line    0x00005cb2      0x29a ../lab1_phase1_bsp\libhal_bsp.a(alt_find_dev.o)
 .debug_line    0x00005f4c      0x2ab ../lab1_phase1_bsp\libhal_bsp.a(alt_find_file.o)
 .debug_line    0x000061f7      0x2c6 ../lab1_phase1_bsp\libhal_bsp.a(alt_get_fd.o)
 .debug_line    0x000064bd      0x228 ../lab1_phase1_bsp\libhal_bsp.a(alt_icache_flush.o)
 .debug_line    0x000066e5      0x1dd c:/software/altera/10.1/nios2eds/bin/gnu/h-i686-mingw32/bin/../lib/gcc/nios2-elf/4.1.2/../../../../nios2-elf/lib/mno-hw-mul\libc.a(lib_a-atexit.o)
 .debug_line    0x000068c2       0x81 c:/software/altera/10.1/nios2eds/bin/gnu/h-i686-mingw32/bin/../lib/gcc/nios2-elf/4.1.2/../../../../nios2-elf/lib/mno-hw-mul\libc.a(lib_a-ctype_.o)
 .debug_line    0x00006943      0x215 c:/software/altera/10.1/nios2eds/bin/gnu/h-i686-mingw32/bin/../lib/gcc/nios2-elf/4.1.2/../../../../nios2-elf/lib/mno-hw-mul\libc.a(lib_a-exit.o)
 .debug_line    0x00006b58      0x1f7 c:/software/altera/10.1/nios2eds/bin/gnu/h-i686-mingw32/bin/../lib/gcc/nios2-elf/4.1.2/../../../../nios2-elf/lib/mno-hw-mul\libc.a(lib_a-impure.o)
 .debug_line    0x00006d4f      0x1bc c:/software/altera/10.1/nios2eds/bin/gnu/h-i686-mingw32/bin/../lib/gcc/nios2-elf/4.1.2/../../../../nios2-elf/lib/mno-hw-mul\libc.a(lib_a-int_errno.o)
 .debug_line    0x00006f0b      0x269 c:/software/altera/10.1/nios2eds/bin/gnu/h-i686-mingw32/bin/../lib/gcc/nios2-elf/4.1.2/../../../../nios2-elf/lib/mno-hw-mul\libc.a(lib_a-memcmp.o)
 .debug_line    0x00007174      0x19c c:/software/altera/10.1/nios2eds/bin/gnu/h-i686-mingw32/bin/../lib/gcc/nios2-elf/4.1.2/../../../../nios2-elf/lib/mno-hw-mul\libc.a(lib_a-memcpy.o)
 .debug_line    0x00007310      0x2cb c:/software/altera/10.1/nios2eds/bin/gnu/h-i686-mingw32/bin/../lib/gcc/nios2-elf/4.1.2/../../../../nios2-elf/lib/mno-hw-mul\libc.a(lib_a-memset.o)
 .debug_line    0x000075db      0x237 c:/software/altera/10.1/nios2eds/bin/gnu/h-i686-mingw32/bin/../lib/gcc/nios2-elf/4.1.2/../../../../nios2-elf/lib/mno-hw-mul\libc.a(lib_a-strlen.o)
 .debug_line    0x00007812      0x2f0 c:/software/altera/10.1/nios2eds/bin/gnu/h-i686-mingw32/bin/../lib/gcc/nios2-elf/4.1.2/../../../../nios2-elf/lib/mno-hw-mul\libc.a(lib_a-__atexit.o)
 .debug_line    0x00007b02      0x344 c:/software/altera/10.1/nios2eds/bin/gnu/h-i686-mingw32/bin/../lib/gcc/nios2-elf/4.1.2/../../../../nios2-elf/lib/mno-hw-mul\libc.a(lib_a-__call_atexit.o)
 .debug_line    0x00007e46      0x24f c:/software/altera/10.1/nios2eds/bin/gnu/h-i686-mingw32/bin/../lib/gcc/nios2-elf/4.1.2/mno-hw-mul\libgcc.a(lib2-divmod.o)
 .debug_line    0x00008095      0x11a c:/software/altera/10.1/nios2eds/bin/gnu/h-i686-mingw32/bin/../lib/gcc/nios2-elf/4.1.2/mno-hw-mul\libgcc.a(lib2-mul.o)
 .debug_line    0x000081af      0x235 ../lab1_phase1_bsp\libhal_bsp.a(alt_exit.o)

.debug_frame    0x00000000      0xb78
 *(.debug_frame)
 .debug_frame   0x00000000       0x64 obj/lab1_phase1.o
 .debug_frame   0x00000064       0x2c ../lab1_phase1_bsp\libhal_bsp.a(alt_irq_register.o)
 .debug_frame   0x00000090       0x48 ../lab1_phase1_bsp\libhal_bsp.a(alt_load.o)
 .debug_frame   0x000000d8       0x2c ../lab1_phase1_bsp\libhal_bsp.a(alt_main.o)
 .debug_frame   0x00000104       0x64 ../lab1_phase1_bsp\libhal_bsp.a(alt_sys_init.o)
 .debug_frame   0x00000168       0x80 ../lab1_phase1_bsp\libhal_bsp.a(altera_avalon_jtag_uart_fd.o)
 .debug_frame   0x000001e8       0x80 ../lab1_phase1_bsp\libhal_bsp.a(altera_avalon_jtag_uart_init.o)
 .debug_frame   0x00000268       0x2c ../lab1_phase1_bsp\libhal_bsp.a(altera_avalon_jtag_uart_ioctl.o)
 .debug_frame   0x00000294       0x2c ../lab1_phase1_bsp\libhal_bsp.a(altera_avalon_jtag_uart_read.o)
 .debug_frame   0x000002c0       0x2c ../lab1_phase1_bsp\libhal_bsp.a(altera_avalon_jtag_uart_write.o)
 .debug_frame   0x000002ec      0x124 ../lab1_phase1_bsp\libhal_bsp.a(altera_avalon_lcd_16207.o)
 .debug_frame   0x00000410       0x2c ../lab1_phase1_bsp\libhal_bsp.a(altera_avalon_lcd_16207_fd.o)
 .debug_frame   0x0000043c       0x48 ../lab1_phase1_bsp\libhal_bsp.a(altera_avalon_timer_sc.o)
 .debug_frame   0x00000484       0x2c ../lab1_phase1_bsp\libhal_bsp.a(alt_alarm_start.o)
 .debug_frame   0x000004b0       0x48 ../lab1_phase1_bsp\libhal_bsp.a(alt_close.o)
 .debug_frame   0x000004f8       0x2c ../lab1_phase1_bsp\libhal_bsp.a(alt_dcache_flush_all.o)
 .debug_frame   0x00000524       0x2c ../lab1_phase1_bsp\libhal_bsp.a(alt_dev.o)
 .debug_frame   0x00000550       0x48 ../lab1_phase1_bsp\libhal_bsp.a(alt_dev_llist_insert.o)
 .debug_frame   0x00000598       0x2c ../lab1_phase1_bsp\libhal_bsp.a(alt_do_ctors.o)
 .debug_frame   0x000005c4       0x2c ../lab1_phase1_bsp\libhal_bsp.a(alt_do_dtors.o)
 .debug_frame   0x000005f0       0x2c ../lab1_phase1_bsp\libhal_bsp.a(alt_icache_flush_all.o)
 .debug_frame   0x0000061c       0x80 ../lab1_phase1_bsp\libhal_bsp.a(alt_iic.o)
 .debug_frame   0x0000069c       0x2c ../lab1_phase1_bsp\libhal_bsp.a(alt_iic_isr_register.o)
 .debug_frame   0x000006c8       0x4c ../lab1_phase1_bsp\libhal_bsp.a(alt_io_redirect.o)
 .debug_frame   0x00000714       0x2c ../lab1_phase1_bsp\libhal_bsp.a(alt_irq_handler.o)
 .debug_frame   0x00000740       0x68 ../lab1_phase1_bsp\libhal_bsp.a(alt_open.o)
 .debug_frame   0x000007a8       0x30 ../lab1_phase1_bsp\libhal_bsp.a(alt_release_fd.o)
 .debug_frame   0x000007d8       0x48 ../lab1_phase1_bsp\libhal_bsp.a(alt_tick.o)
 .debug_frame   0x00000820       0x2c ../lab1_phase1_bsp\libhal_bsp.a(alt_usleep.o)
 .debug_frame   0x0000084c       0x2c ../lab1_phase1_bsp\libhal_bsp.a(altera_nios2_irq.o)
 .debug_frame   0x00000878       0x2c ../lab1_phase1_bsp\libhal_bsp.a(alt_busy_sleep.o)
 .debug_frame   0x000008a4       0x2c ../lab1_phase1_bsp\libhal_bsp.a(alt_find_dev.o)
 .debug_frame   0x000008d0       0x2c ../lab1_phase1_bsp\libhal_bsp.a(alt_find_file.o)
 .debug_frame   0x000008fc       0x30 ../lab1_phase1_bsp\libhal_bsp.a(alt_get_fd.o)
 .debug_frame   0x0000092c       0x2c ../lab1_phase1_bsp\libhal_bsp.a(alt_icache_flush.o)
 .debug_frame   0x00000958       0x20 c:/software/altera/10.1/nios2eds/bin/gnu/h-i686-mingw32/bin/../lib/gcc/nios2-elf/4.1.2/../../../../nios2-elf/lib/mno-hw-mul\libc.a(lib_a-atexit.o)
 .debug_frame   0x00000978       0x28 c:/software/altera/10.1/nios2eds/bin/gnu/h-i686-mingw32/bin/../lib/gcc/nios2-elf/4.1.2/../../../../nios2-elf/lib/mno-hw-mul\libc.a(lib_a-exit.o)
 .debug_frame   0x000009a0       0x20 c:/software/altera/10.1/nios2eds/bin/gnu/h-i686-mingw32/bin/../lib/gcc/nios2-elf/4.1.2/../../../../nios2-elf/lib/mno-hw-mul\libc.a(lib_a-memcmp.o)
 .debug_frame   0x000009c0       0x20 c:/software/altera/10.1/nios2eds/bin/gnu/h-i686-mingw32/bin/../lib/gcc/nios2-elf/4.1.2/../../../../nios2-elf/lib/mno-hw-mul\libc.a(lib_a-memcpy.o)
 .debug_frame   0x000009e0       0x20 c:/software/altera/10.1/nios2eds/bin/gnu/h-i686-mingw32/bin/../lib/gcc/nios2-elf/4.1.2/../../../../nios2-elf/lib/mno-hw-mul\libc.a(lib_a-memset.o)
 .debug_frame   0x00000a00       0x20 c:/software/altera/10.1/nios2eds/bin/gnu/h-i686-mingw32/bin/../lib/gcc/nios2-elf/4.1.2/../../../../nios2-elf/lib/mno-hw-mul\libc.a(lib_a-strlen.o)
 .debug_frame   0x00000a20       0x34 c:/software/altera/10.1/nios2eds/bin/gnu/h-i686-mingw32/bin/../lib/gcc/nios2-elf/4.1.2/../../../../nios2-elf/lib/mno-hw-mul\libc.a(lib_a-__atexit.o)
 .debug_frame   0x00000a54       0x4c c:/software/altera/10.1/nios2eds/bin/gnu/h-i686-mingw32/bin/../lib/gcc/nios2-elf/4.1.2/../../../../nios2-elf/lib/mno-hw-mul\libc.a(lib_a-__call_atexit.o)
 .debug_frame   0x00000aa0       0x70 c:/software/altera/10.1/nios2eds/bin/gnu/h-i686-mingw32/bin/../lib/gcc/nios2-elf/4.1.2/mno-hw-mul\libgcc.a(lib2-divmod.o)
 .debug_frame   0x00000b10       0x20 c:/software/altera/10.1/nios2eds/bin/gnu/h-i686-mingw32/bin/../lib/gcc/nios2-elf/4.1.2/mno-hw-mul\libgcc.a(lib2-mul.o)
 .debug_frame   0x00000b30       0x48 ../lab1_phase1_bsp\libhal_bsp.a(alt_exit.o)

.debug_str      0x00000000      0xd8e
 *(.debug_str)
 .debug_str     0x00000000       0x12 obj/lab1_phase1.o
 .debug_str     0x00000012       0x21 ../lab1_phase1_bsp\libhal_bsp.a(alt_irq_register.o)
 .debug_str     0x00000033       0x12 ../lab1_phase1_bsp\libhal_bsp.a(alt_load.o)
 .debug_str     0x00000045       0x12 ../lab1_phase1_bsp\libhal_bsp.a(alt_main.o)
 .debug_str     0x00000057       0x12 ../lab1_phase1_bsp\libhal_bsp.a(alt_sys_init.o)
 .debug_str     0x00000069       0x12 ../lab1_phase1_bsp\libhal_bsp.a(altera_avalon_jtag_uart_fd.o)
 .debug_str     0x0000007b       0x1a ../lab1_phase1_bsp\libhal_bsp.a(altera_avalon_jtag_uart_init.o)
 .debug_str     0x00000095       0x12 ../lab1_phase1_bsp\libhal_bsp.a(altera_avalon_jtag_uart_ioctl.o)
 .debug_str     0x000000a7       0x1a ../lab1_phase1_bsp\libhal_bsp.a(altera_avalon_jtag_uart_read.o)
 .debug_str     0x000000c1       0x1a ../lab1_phase1_bsp\libhal_bsp.a(altera_avalon_jtag_uart_write.o)
 .debug_str     0x000000db       0x25 ../lab1_phase1_bsp\libhal_bsp.a(altera_avalon_lcd_16207.o)
 .debug_str     0x00000100       0x12 ../lab1_phase1_bsp\libhal_bsp.a(altera_avalon_lcd_16207_fd.o)
 .debug_str     0x00000112       0x12 ../lab1_phase1_bsp\libhal_bsp.a(altera_avalon_timer_sc.o)
 .debug_str     0x00000124       0x23 ../lab1_phase1_bsp\libhal_bsp.a(alt_alarm_start.o)
 .debug_str     0x00000147       0x12 ../lab1_phase1_bsp\libhal_bsp.a(alt_close.o)
 .debug_str     0x00000159       0x12 ../lab1_phase1_bsp\libhal_bsp.a(alt_dcache_flush_all.o)
 .debug_str     0x0000016b       0x12 ../lab1_phase1_bsp\libhal_bsp.a(alt_dev.o)
 .debug_str     0x0000017d       0x12 ../lab1_phase1_bsp\libhal_bsp.a(alt_dev_llist_insert.o)
 .debug_str     0x0000018f       0x12 ../lab1_phase1_bsp\libhal_bsp.a(alt_errno.o)
 .debug_str     0x000001a1       0x12 ../lab1_phase1_bsp\libhal_bsp.a(alt_icache_flush_all.o)
 .debug_str     0x000001b3       0x18 ../lab1_phase1_bsp\libhal_bsp.a(alt_iic.o)
 .debug_str     0x000001cb       0x1a ../lab1_phase1_bsp\libhal_bsp.a(alt_iic_isr_register.o)
 .debug_str     0x000001e5       0x12 ../lab1_phase1_bsp\libhal_bsp.a(alt_io_redirect.o)
 .debug_str     0x000001f7       0x12 ../lab1_phase1_bsp\libhal_bsp.a(alt_irq_handler.o)
 .debug_str     0x00000209       0x12 ../lab1_phase1_bsp\libhal_bsp.a(alt_open.o)
 .debug_str     0x0000021b       0x1a ../lab1_phase1_bsp\libhal_bsp.a(alt_tick.o)
 .debug_str     0x00000235       0x12 ../lab1_phase1_bsp\libhal_bsp.a(alt_usleep.o)
 .debug_str     0x00000247       0x12 ../lab1_phase1_bsp\libhal_bsp.a(altera_nios2_irq.o)
 .debug_str     0x00000259       0x12 ../lab1_phase1_bsp\libhal_bsp.a(alt_busy_sleep.o)
 .debug_str     0x0000026b       0x12 ../lab1_phase1_bsp\libhal_bsp.a(alt_find_dev.o)
 .debug_str     0x0000027d       0x12 ../lab1_phase1_bsp\libhal_bsp.a(alt_find_file.o)
 .debug_str     0x0000028f       0x12 ../lab1_phase1_bsp\libhal_bsp.a(alt_get_fd.o)
 .debug_str     0x000002a1       0x12 ../lab1_phase1_bsp\libhal_bsp.a(alt_icache_flush.o)
 .debug_str     0x000002b3      0x174 c:/software/altera/10.1/nios2eds/bin/gnu/h-i686-mingw32/bin/../lib/gcc/nios2-elf/4.1.2/../../../../nios2-elf/lib/mno-hw-mul\libc.a(lib_a-atexit.o)
                                0x1ba (size before relaxing)
 .debug_str     0x00000427       0xdd c:/software/altera/10.1/nios2eds/bin/gnu/h-i686-mingw32/bin/../lib/gcc/nios2-elf/4.1.2/../../../../nios2-elf/lib/mno-hw-mul\libc.a(lib_a-ctype_.o)
                                0x100 (size before relaxing)
 .debug_str     0x00000504      0x387 c:/software/altera/10.1/nios2eds/bin/gnu/h-i686-mingw32/bin/../lib/gcc/nios2-elf/4.1.2/../../../../nios2-elf/lib/mno-hw-mul\libc.a(lib_a-exit.o)
                                0x507 (size before relaxing)
 .debug_str     0x0000088b       0xcc c:/software/altera/10.1/nios2eds/bin/gnu/h-i686-mingw32/bin/../lib/gcc/nios2-elf/4.1.2/../../../../nios2-elf/lib/mno-hw-mul\libc.a(lib_a-impure.o)
                                0x515 (size before relaxing)
 .debug_str     0x00000957       0x40 c:/software/altera/10.1/nios2eds/bin/gnu/h-i686-mingw32/bin/../lib/gcc/nios2-elf/4.1.2/../../../../nios2-elf/lib/mno-hw-mul\libc.a(lib_a-int_errno.o)
                                0x15e (size before relaxing)
 .debug_str     0x00000997       0xd0 c:/software/altera/10.1/nios2eds/bin/gnu/h-i686-mingw32/bin/../lib/gcc/nios2-elf/4.1.2/../../../../nios2-elf/lib/mno-hw-mul\libc.a(lib_a-memcmp.o)
                                0x165 (size before relaxing)
 .debug_str     0x00000a67       0x6c c:/software/altera/10.1/nios2eds/bin/gnu/h-i686-mingw32/bin/../lib/gcc/nios2-elf/4.1.2/../../../../nios2-elf/lib/mno-hw-mul\libc.a(lib_a-memcpy.o)
                                0x123 (size before relaxing)
 .debug_str     0x00000ad3       0x59 c:/software/altera/10.1/nios2eds/bin/gnu/h-i686-mingw32/bin/../lib/gcc/nios2-elf/4.1.2/../../../../nios2-elf/lib/mno-hw-mul\libc.a(lib_a-memset.o)
                                0x179 (size before relaxing)
 .debug_str     0x00000b2c       0x45 c:/software/altera/10.1/nios2eds/bin/gnu/h-i686-mingw32/bin/../lib/gcc/nios2-elf/4.1.2/../../../../nios2-elf/lib/mno-hw-mul\libc.a(lib_a-strlen.o)
                                0x178 (size before relaxing)
 .debug_str     0x00000b71       0x54 c:/software/altera/10.1/nios2eds/bin/gnu/h-i686-mingw32/bin/../lib/gcc/nios2-elf/4.1.2/../../../../nios2-elf/lib/mno-hw-mul\libc.a(lib_a-__atexit.o)
                                0x51f (size before relaxing)
 .debug_str     0x00000bc5       0x7e c:/software/altera/10.1/nios2eds/bin/gnu/h-i686-mingw32/bin/../lib/gcc/nios2-elf/4.1.2/../../../../nios2-elf/lib/mno-hw-mul\libc.a(lib_a-__call_atexit.o)
                                0x549 (size before relaxing)
 .debug_str     0x00000c43       0xf8 c:/software/altera/10.1/nios2eds/bin/gnu/h-i686-mingw32/bin/../lib/gcc/nios2-elf/4.1.2/mno-hw-mul\libgcc.a(lib2-divmod.o)
                                0x1a1 (size before relaxing)
 .debug_str     0x00000d3b       0x37 c:/software/altera/10.1/nios2eds/bin/gnu/h-i686-mingw32/bin/../lib/gcc/nios2-elf/4.1.2/mno-hw-mul\libgcc.a(lib2-mul.o)
                                0x162 (size before relaxing)
 .debug_str     0x00000d72       0x1c ../lab1_phase1_bsp\libhal_bsp.a(alt_exit.o)

.debug_loc      0x00000000     0x133a
 *(.debug_loc)
 .debug_loc     0x00000000       0x81 obj/lab1_phase1.o
 .debug_loc     0x00000081       0x2c ../lab1_phase1_bsp\libhal_bsp.a(alt_irq_register.o)
 .debug_loc     0x000000ad       0x56 ../lab1_phase1_bsp\libhal_bsp.a(alt_load.o)
 .debug_loc     0x00000103       0x2b ../lab1_phase1_bsp\libhal_bsp.a(alt_main.o)
 .debug_loc     0x0000012e       0x81 ../lab1_phase1_bsp\libhal_bsp.a(alt_sys_init.o)
 .debug_loc     0x000001af       0xac ../lab1_phase1_bsp\libhal_bsp.a(altera_avalon_jtag_uart_fd.o)
 .debug_loc     0x0000025b       0xac ../lab1_phase1_bsp\libhal_bsp.a(altera_avalon_jtag_uart_init.o)
 .debug_loc     0x00000307       0x2b ../lab1_phase1_bsp\libhal_bsp.a(altera_avalon_jtag_uart_ioctl.o)
 .debug_loc     0x00000332       0x2b ../lab1_phase1_bsp\libhal_bsp.a(altera_avalon_jtag_uart_read.o)
 .debug_loc     0x0000035d       0x2b ../lab1_phase1_bsp\libhal_bsp.a(altera_avalon_jtag_uart_write.o)
 .debug_loc     0x00000388      0x184 ../lab1_phase1_bsp\libhal_bsp.a(altera_avalon_lcd_16207.o)
 .debug_loc     0x0000050c       0x2b ../lab1_phase1_bsp\libhal_bsp.a(altera_avalon_lcd_16207_fd.o)
 .debug_loc     0x00000537       0x56 ../lab1_phase1_bsp\libhal_bsp.a(altera_avalon_timer_sc.o)
 .debug_loc     0x0000058d       0x2b ../lab1_phase1_bsp\libhal_bsp.a(alt_alarm_start.o)
 .debug_loc     0x000005b8       0x56 ../lab1_phase1_bsp\libhal_bsp.a(alt_close.o)
 .debug_loc     0x0000060e       0x2b ../lab1_phase1_bsp\libhal_bsp.a(alt_dcache_flush_all.o)
 .debug_loc     0x00000639       0x2b ../lab1_phase1_bsp\libhal_bsp.a(alt_dev.o)
 .debug_loc     0x00000664       0x56 ../lab1_phase1_bsp\libhal_bsp.a(alt_dev_llist_insert.o)
 .debug_loc     0x000006ba       0x2b ../lab1_phase1_bsp\libhal_bsp.a(alt_do_ctors.o)
 .debug_loc     0x000006e5       0x2b ../lab1_phase1_bsp\libhal_bsp.a(alt_do_dtors.o)
 .debug_loc     0x00000710       0x2b ../lab1_phase1_bsp\libhal_bsp.a(alt_icache_flush_all.o)
 .debug_loc     0x0000073b       0xac ../lab1_phase1_bsp\libhal_bsp.a(alt_iic.o)
 .debug_loc     0x000007e7       0x2b ../lab1_phase1_bsp\libhal_bsp.a(alt_iic_isr_register.o)
 .debug_loc     0x00000812       0x56 ../lab1_phase1_bsp\libhal_bsp.a(alt_io_redirect.o)
 .debug_loc     0x00000868       0x2b ../lab1_phase1_bsp\libhal_bsp.a(alt_irq_handler.o)
 .debug_loc     0x00000893       0x81 ../lab1_phase1_bsp\libhal_bsp.a(alt_open.o)
 .debug_loc     0x00000914       0x2b ../lab1_phase1_bsp\libhal_bsp.a(alt_release_fd.o)
 .debug_loc     0x0000093f       0x56 ../lab1_phase1_bsp\libhal_bsp.a(alt_tick.o)
 .debug_loc     0x00000995       0x2b ../lab1_phase1_bsp\libhal_bsp.a(alt_usleep.o)
 .debug_loc     0x000009c0       0x2b ../lab1_phase1_bsp\libhal_bsp.a(altera_nios2_irq.o)
 .debug_loc     0x000009eb       0x2b ../lab1_phase1_bsp\libhal_bsp.a(alt_busy_sleep.o)
 .debug_loc     0x00000a16       0x2b ../lab1_phase1_bsp\libhal_bsp.a(alt_find_dev.o)
 .debug_loc     0x00000a41       0x2b ../lab1_phase1_bsp\libhal_bsp.a(alt_find_file.o)
 .debug_loc     0x00000a6c       0x2b ../lab1_phase1_bsp\libhal_bsp.a(alt_get_fd.o)
 .debug_loc     0x00000a97       0x2b ../lab1_phase1_bsp\libhal_bsp.a(alt_icache_flush.o)
 .debug_loc     0x00000ac2       0x1e c:/software/altera/10.1/nios2eds/bin/gnu/h-i686-mingw32/bin/../lib/gcc/nios2-elf/4.1.2/../../../../nios2-elf/lib/mno-hw-mul\libc.a(lib_a-atexit.o)
 .debug_loc     0x00000ae0       0x3d c:/software/altera/10.1/nios2eds/bin/gnu/h-i686-mingw32/bin/../lib/gcc/nios2-elf/4.1.2/../../../../nios2-elf/lib/mno-hw-mul\libc.a(lib_a-exit.o)
 .debug_loc     0x00000b1d      0x114 c:/software/altera/10.1/nios2eds/bin/gnu/h-i686-mingw32/bin/../lib/gcc/nios2-elf/4.1.2/../../../../nios2-elf/lib/mno-hw-mul\libc.a(lib_a-memcmp.o)
 .debug_loc     0x00000c31       0xca c:/software/altera/10.1/nios2eds/bin/gnu/h-i686-mingw32/bin/../lib/gcc/nios2-elf/4.1.2/../../../../nios2-elf/lib/mno-hw-mul\libc.a(lib_a-memcpy.o)
 .debug_loc     0x00000cfb       0xa1 c:/software/altera/10.1/nios2eds/bin/gnu/h-i686-mingw32/bin/../lib/gcc/nios2-elf/4.1.2/../../../../nios2-elf/lib/mno-hw-mul\libc.a(lib_a-memset.o)
 .debug_loc     0x00000d9c       0x3c c:/software/altera/10.1/nios2eds/bin/gnu/h-i686-mingw32/bin/../lib/gcc/nios2-elf/4.1.2/../../../../nios2-elf/lib/mno-hw-mul\libc.a(lib_a-strlen.o)
 .debug_loc     0x00000dd8      0x120 c:/software/altera/10.1/nios2eds/bin/gnu/h-i686-mingw32/bin/../lib/gcc/nios2-elf/4.1.2/../../../../nios2-elf/lib/mno-hw-mul\libc.a(lib_a-__atexit.o)
 .debug_loc     0x00000ef8      0x1cb c:/software/altera/10.1/nios2eds/bin/gnu/h-i686-mingw32/bin/../lib/gcc/nios2-elf/4.1.2/../../../../nios2-elf/lib/mno-hw-mul\libc.a(lib_a-__call_atexit.o)
 .debug_loc     0x000010c3      0x1d2 c:/software/altera/10.1/nios2eds/bin/gnu/h-i686-mingw32/bin/../lib/gcc/nios2-elf/4.1.2/mno-hw-mul\libgcc.a(lib2-divmod.o)
 .debug_loc     0x00001295       0x4f c:/software/altera/10.1/nios2eds/bin/gnu/h-i686-mingw32/bin/../lib/gcc/nios2-elf/4.1.2/mno-hw-mul\libgcc.a(lib2-mul.o)
 .debug_loc     0x000012e4       0x56 ../lab1_phase1_bsp\libhal_bsp.a(alt_exit.o)

.debug_macinfo
 *(.debug_macinfo)

.debug_weaknames
 *(.debug_weaknames)

.debug_funcnames
 *(.debug_funcnames)

.debug_typenames
 *(.debug_typenames)

.debug_varnames
 *(.debug_varnames)

.debug_alt_sim_info
                0x00000000       0x50
 *(.debug_alt_sim_info)
 .debug_alt_sim_info
                0x00000000       0x20 ../lab1_phase1_bsp/obj/HAL/src/crt0.o
 .debug_alt_sim_info
                0x00000020       0x30 ../lab1_phase1_bsp\libhal_bsp.a(alt_busy_sleep.o)
                0x02800000                __alt_data_end = 0x2800000
                0x02800000                PROVIDE (__alt_stack_pointer, __alt_data_end)
                0x0200720c                PROVIDE (__alt_stack_limit, __alt_stack_base)
                0x0200720c                PROVIDE (__alt_heap_start, end)
                0x02800000                PROVIDE (__alt_heap_limit, 0x2800000)
OUTPUT(lab1_phase1.elf elf32-littlenios2)

.debug_ranges   0x00000000       0x90
 .debug_ranges  0x00000000       0x20 ../lab1_phase1_bsp/obj/HAL/src/crt0.o
 .debug_ranges  0x00000020       0x28 ../lab1_phase1_bsp\libhal_bsp.a(alt_irq_entry.o)
 .debug_ranges  0x00000048       0x30 ../lab1_phase1_bsp\libhal_bsp.a(alt_exception_entry.o)
 .debug_ranges  0x00000078       0x18 c:/software/altera/10.1/nios2eds/bin/gnu/h-i686-mingw32/bin/../lib/gcc/nios2-elf/4.1.2/../../../../nios2-elf/lib/mno-hw-mul\libc.a(lib_a-__call_atexit.o)
